{
  "Entries": [
    {
      "RequestUri": "/subscriptions/e68d4145-c9ae-4667-925d-c51c8d88ad73/resourcegroups/onesdk3621?api-version=2016-02-01",
      "EncodedRequestUri": "L3N1YnNjcmlwdGlvbnMvZTY4ZDQxNDUtYzlhZS00NjY3LTkyNWQtYzUxYzhkODhhZDczL3Jlc291cmNlZ3JvdXBzL29uZXNkazM2MjE/YXBpLXZlcnNpb249MjAxNi0wMi0wMQ==",
      "RequestMethod": "PUT",
      "RequestBody": "{\r\n  \"location\": \"West US\"\r\n}",
      "RequestHeaders": {
        "Content-Type": [
          "application/json; charset=utf-8"
        ],
        "Content-Length": [
          "29"
        ],
        "User-Agent": [
          "Microsoft.Azure.Management.Resources.ResourceManagementClient/2.0.0.0"
        ]
      },
      "ResponseBody": "{\r\n  \"id\": \"/subscriptions/e68d4145-c9ae-4667-925d-c51c8d88ad73/resourceGroups/onesdk3621\",\r\n  \"name\": \"onesdk3621\",\r\n  \"location\": \"westus\",\r\n  \"properties\": {\r\n    \"provisioningState\": \"Succeeded\"\r\n  }\r\n}",
      "ResponseHeaders": {
        "Content-Length": [
          "173"
        ],
        "Content-Type": [
          "application/json; charset=utf-8"
        ],
        "Expires": [
          "-1"
        ],
        "Pragma": [
          "no-cache"
        ],
        "x-ms-ratelimit-remaining-subscription-writes": [
          "1198"
        ],
        "x-ms-request-id": [
          "6e3017a6-a818-467e-92dd-8e1742d50078"
        ],
        "x-ms-correlation-request-id": [
          "6e3017a6-a818-467e-92dd-8e1742d50078"
        ],
        "x-ms-routing-request-id": [
          "WESTEUROPE:20170519T155924Z:6e3017a6-a818-467e-92dd-8e1742d50078"
        ],
        "Strict-Transport-Security": [
          "max-age=31536000; includeSubDomains"
        ],
        "Cache-Control": [
          "no-cache"
        ],
        "Date": [
          "Fri, 19 May 2017 15:59:24 GMT"
        ]
      },
      "StatusCode": 201
    },
    {
      "RequestUri": "/subscriptions/e68d4145-c9ae-4667-925d-c51c8d88ad73/resourceGroups/onesdk3621/providers/Microsoft.Network/trafficmanagerprofiles/onesdk5007?api-version=2017-05-01",
      "EncodedRequestUri": "L3N1YnNjcmlwdGlvbnMvZTY4ZDQxNDUtYzlhZS00NjY3LTkyNWQtYzUxYzhkODhhZDczL3Jlc291cmNlR3JvdXBzL29uZXNkazM2MjEvcHJvdmlkZXJzL01pY3Jvc29mdC5OZXR3b3JrL3RyYWZmaWNtYW5hZ2VycHJvZmlsZXMvb25lc2RrNTAwNz9hcGktdmVyc2lvbj0yMDE3LTA1LTAx",
      "RequestMethod": "GET",
      "RequestBody": "",
      "RequestHeaders": {
        "x-ms-client-request-id": [
          "fa352e18-387b-4f79-9d0f-c2a3646effd8"
        ],
        "accept-language": [
          "en-US"
        ],
        "User-Agent": [
          "FxVersion/4.6.1648.0",
          "OSName/Windows10Enterprise",
          "OSVersion/6.3.14393",
          "Microsoft.Azure.Management.TrafficManager.TrafficManagerManagementClient/2.3.0.0"
        ]
      },
      "ResponseBody": "{\r\n  \"error\": {\r\n    \"code\": \"ResourceNotFound\",\r\n    \"message\": \"The Resource 'Microsoft.Network/trafficmanagerprofiles/onesdk5007' under resource group 'onesdk3621' was not found.\"\r\n  }\r\n}",
      "ResponseHeaders": {
        "Content-Length": [
          "165"
        ],
        "Content-Type": [
          "application/json; charset=utf-8"
        ],
        "Expires": [
          "-1"
        ],
        "Pragma": [
          "no-cache"
        ],
        "x-ms-failure-cause": [
          "gateway"
        ],
        "x-ms-request-id": [
          "6bc8e7ae-eb3d-49b7-9659-9dc618eba688"
        ],
        "x-ms-correlation-request-id": [
          "6bc8e7ae-eb3d-49b7-9659-9dc618eba688"
        ],
        "x-ms-routing-request-id": [
          "WESTEUROPE:20170519T155925Z:6bc8e7ae-eb3d-49b7-9659-9dc618eba688"
        ],
        "Strict-Transport-Security": [
          "max-age=31536000; includeSubDomains"
        ],
        "Cache-Control": [
          "no-cache"
        ],
        "Date": [
          "Fri, 19 May 2017 15:59:24 GMT"
        ]
      },
      "StatusCode": 404
    },
    {
      "RequestUri": "/subscriptions/e68d4145-c9ae-4667-925d-c51c8d88ad73/resourceGroups/onesdk3621/providers/Microsoft.Network/trafficmanagerprofiles/onesdk5007?api-version=2017-05-01",
      "EncodedRequestUri": "L3N1YnNjcmlwdGlvbnMvZTY4ZDQxNDUtYzlhZS00NjY3LTkyNWQtYzUxYzhkODhhZDczL3Jlc291cmNlR3JvdXBzL29uZXNkazM2MjEvcHJvdmlkZXJzL01pY3Jvc29mdC5OZXR3b3JrL3RyYWZmaWNtYW5hZ2VycHJvZmlsZXMvb25lc2RrNTAwNz9hcGktdmVyc2lvbj0yMDE3LTA1LTAx",
      "RequestMethod": "PUT",
      "RequestBody": "{\r\n  \"properties\": {\r\n    \"trafficRoutingMethod\": \"Performance\",\r\n    \"dnsConfig\": {\r\n      \"relativeName\": \"onesdk7188\",\r\n      \"ttl\": 50\r\n    },\r\n    \"monitorConfig\": {\r\n      \"protocol\": \"HTTP\",\r\n      \"port\": 80,\r\n      \"path\": \"/testpath.asp\"\r\n    }\r\n  },\r\n  \"location\": \"global\"\r\n}",
      "RequestHeaders": {
        "Content-Type": [
          "application/json; charset=utf-8"
        ],
        "Content-Length": [
          "287"
        ],
        "x-ms-client-request-id": [
          "73c5604d-2513-4b16-883a-16fddee75d86"
        ],
        "accept-language": [
          "en-US"
        ],
        "User-Agent": [
          "FxVersion/4.6.1648.0",
          "OSName/Windows10Enterprise",
          "OSVersion/6.3.14393",
          "Microsoft.Azure.Management.TrafficManager.TrafficManagerManagementClient/2.3.0.0"
        ]
      },
      "ResponseBody": "{\r\n  \"id\": \"/subscriptions/e68d4145-c9ae-4667-925d-c51c8d88ad73/resourceGroups/onesdk3621/providers/Microsoft.Network/trafficManagerProfiles/onesdk5007\",\r\n  \"name\": \"onesdk5007\",\r\n  \"type\": \"Microsoft.Network/trafficManagerProfiles\",\r\n  \"location\": \"global\",\r\n  \"properties\": {\r\n    \"profileStatus\": \"Enabled\",\r\n    \"trafficRoutingMethod\": \"Performance\",\r\n    \"dnsConfig\": {\r\n      \"relativeName\": \"onesdk7188\",\r\n      \"fqdn\": \"onesdk7188.tmpreview.watmtest.azure-test.net\",\r\n      \"ttl\": 50\r\n    },\r\n    \"monitorConfig\": {\r\n      \"profileMonitorStatus\": \"Inactive\",\r\n      \"protocol\": \"HTTP\",\r\n      \"port\": 80,\r\n      \"path\": \"/testpath.asp\",\r\n      \"intervalInSeconds\": 30,\r\n      \"toleratedNumberOfFailures\": 3,\r\n      \"timeoutInSeconds\": 10\r\n    },\r\n    \"endpoints\": []\r\n  }\r\n}",
      "ResponseHeaders": {
        "Content-Length": [
          "624"
        ],
        "Content-Type": [
          "application/json; charset=utf-8"
        ],
        "X-Content-Type-Options": [
          "nosniff"
        ],
        "Strict-Transport-Security": [
          "max-age=31536000; includeSubDomains"
        ],
        "x-ms-request-id": [
          "73c5604d-2513-4b16-883a-16fddee75d86"
        ],
        "x-ms-ratelimit-remaining-subscription-resource-requests": [
          "10799"
        ],
        "x-ms-correlation-request-id": [
          "5678aa3b-860a-4202-b4c8-670f3428bc4f"
        ],
        "x-ms-routing-request-id": [
          "WESTEUROPE:20170519T155928Z:5678aa3b-860a-4202-b4c8-670f3428bc4f"
        ],
        "Cache-Control": [
          "private"
        ],
        "Date": [
          "Fri, 19 May 2017 15:59:27 GMT"
        ],
        "Server": [
          "Microsoft-IIS/8.5"
        ],
        "X-AspNet-Version": [
          "4.0.30319"
        ],
        "X-Powered-By": [
          "ASP.NET"
        ]
      },
      "StatusCode": 201
    },
    {
      "RequestUri": "/subscriptions/e68d4145-c9ae-4667-925d-c51c8d88ad73/resourceGroups/onesdk3621/providers/Microsoft.Network/trafficmanagerprofiles/onesdk5495?api-version=2017-05-01",
      "EncodedRequestUri": "L3N1YnNjcmlwdGlvbnMvZTY4ZDQxNDUtYzlhZS00NjY3LTkyNWQtYzUxYzhkODhhZDczL3Jlc291cmNlR3JvdXBzL29uZXNkazM2MjEvcHJvdmlkZXJzL01pY3Jvc29mdC5OZXR3b3JrL3RyYWZmaWNtYW5hZ2VycHJvZmlsZXMvb25lc2RrNTQ5NT9hcGktdmVyc2lvbj0yMDE3LTA1LTAx",
      "RequestMethod": "GET",
      "RequestBody": "",
      "RequestHeaders": {
        "x-ms-client-request-id": [
          "8a563977-08e7-4d0d-a2a9-dc7ec7b7f183"
        ],
        "accept-language": [
          "en-US"
        ],
        "User-Agent": [
          "FxVersion/4.6.1648.0",
          "OSName/Windows10Enterprise",
          "OSVersion/6.3.14393",
          "Microsoft.Azure.Management.TrafficManager.TrafficManagerManagementClient/2.3.0.0"
        ]
      },
      "ResponseBody": "{\r\n  \"error\": {\r\n    \"code\": \"ResourceNotFound\",\r\n    \"message\": \"The Resource 'Microsoft.Network/trafficmanagerprofiles/onesdk5495' under resource group 'onesdk3621' was not found.\"\r\n  }\r\n}",
      "ResponseHeaders": {
        "Content-Length": [
          "165"
        ],
        "Content-Type": [
          "application/json; charset=utf-8"
        ],
        "Expires": [
          "-1"
        ],
        "Pragma": [
          "no-cache"
        ],
        "x-ms-failure-cause": [
          "gateway"
        ],
        "x-ms-request-id": [
          "4842a95b-3ff4-474f-875c-71ae5f1921ce"
        ],
        "x-ms-correlation-request-id": [
          "4842a95b-3ff4-474f-875c-71ae5f1921ce"
        ],
        "x-ms-routing-request-id": [
          "WESTEUROPE:20170519T155928Z:4842a95b-3ff4-474f-875c-71ae5f1921ce"
        ],
        "Strict-Transport-Security": [
          "max-age=31536000; includeSubDomains"
        ],
        "Cache-Control": [
          "no-cache"
        ],
        "Date": [
          "Fri, 19 May 2017 15:59:27 GMT"
        ]
      },
      "StatusCode": 404
    },
    {
      "RequestUri": "/subscriptions/e68d4145-c9ae-4667-925d-c51c8d88ad73/resourceGroups/onesdk3621/providers/Microsoft.Network/trafficmanagerprofiles/onesdk5495?api-version=2017-05-01",
      "EncodedRequestUri": "L3N1YnNjcmlwdGlvbnMvZTY4ZDQxNDUtYzlhZS00NjY3LTkyNWQtYzUxYzhkODhhZDczL3Jlc291cmNlR3JvdXBzL29uZXNkazM2MjEvcHJvdmlkZXJzL01pY3Jvc29mdC5OZXR3b3JrL3RyYWZmaWNtYW5hZ2VycHJvZmlsZXMvb25lc2RrNTQ5NT9hcGktdmVyc2lvbj0yMDE3LTA1LTAx",
      "RequestMethod": "GET",
      "RequestBody": "",
      "RequestHeaders": {
        "x-ms-client-request-id": [
          "df868b9d-e377-48f7-803c-e0f5121e711d"
        ],
        "accept-language": [
          "en-US"
        ],
        "User-Agent": [
          "FxVersion/4.6.1648.0",
          "OSName/Windows10Enterprise",
          "OSVersion/6.3.14393",
          "Microsoft.Azure.Management.TrafficManager.TrafficManagerManagementClient/2.3.0.0"
        ]
      },
      "ResponseBody": "{\r\n  \"id\": \"/subscriptions/e68d4145-c9ae-4667-925d-c51c8d88ad73/resourceGroups/onesdk3621/providers/Microsoft.Network/trafficManagerProfiles/onesdk5495\",\r\n  \"name\": \"onesdk5495\",\r\n  \"type\": \"Microsoft.Network/trafficManagerProfiles\",\r\n  \"location\": \"global\",\r\n  \"tags\": {},\r\n  \"properties\": {\r\n    \"profileStatus\": \"Enabled\",\r\n    \"trafficRoutingMethod\": \"Performance\",\r\n    \"dnsConfig\": {\r\n      \"relativeName\": \"onesdk3814\",\r\n      \"fqdn\": \"onesdk3814.tmpreview.watmtest.azure-test.net\",\r\n      \"ttl\": 50\r\n    },\r\n    \"monitorConfig\": {\r\n      \"profileMonitorStatus\": \"Inactive\",\r\n      \"protocol\": \"HTTP\",\r\n      \"port\": 80,\r\n      \"path\": \"/testpath.asp\",\r\n      \"intervalInSeconds\": 30,\r\n      \"toleratedNumberOfFailures\": 3,\r\n      \"timeoutInSeconds\": 10\r\n    },\r\n    \"endpoints\": [\r\n      {\r\n        \"id\": \"/subscriptions/e68d4145-c9ae-4667-925d-c51c8d88ad73/resourceGroups/onesdk3621/providers/Microsoft.Network/trafficManagerProfiles/onesdk5495/nestedEndpoints/MyNestedEndpoint\",\r\n        \"name\": \"MyNestedEndpoint\",\r\n        \"type\": \"Microsoft.Network/trafficManagerProfiles/nestedEndpoints\",\r\n        \"properties\": {\r\n          \"endpointStatus\": \"Enabled\",\r\n          \"endpointMonitorStatus\": \"Stopped\",\r\n          \"targetResourceId\": \"/subscriptions/e68d4145-c9ae-4667-925d-c51c8d88ad73/resourceGroups/onesdk3621/providers/Microsoft.Network/trafficManagerProfiles/onesdk5007\",\r\n          \"target\": \"onesdk7188.tmpreview.watmtest.azure-test.net\",\r\n          \"weight\": 1,\r\n          \"priority\": 1,\r\n          \"endpointLocation\": \"North Europe\",\r\n          \"minChildEndpoints\": 2\r\n        }\r\n      }\r\n    ]\r\n  }\r\n}",
      "ResponseHeaders": {
        "Content-Length": [
          "1300"
        ],
        "Content-Type": [
          "application/json; charset=utf-8"
        ],
        "X-Content-Type-Options": [
          "nosniff"
        ],
        "Strict-Transport-Security": [
          "max-age=31536000; includeSubDomains"
        ],
        "x-ms-request-id": [
          "df868b9d-e377-48f7-803c-e0f5121e711d"
        ],
        "x-ms-ratelimit-remaining-subscription-resource-requests": [
          "10797"
        ],
        "x-ms-correlation-request-id": [
          "d6e66908-62aa-463b-a63a-81403c1bcdc6"
        ],
        "x-ms-routing-request-id": [
          "WESTEUROPE:20170519T155932Z:d6e66908-62aa-463b-a63a-81403c1bcdc6"
        ],
        "Cache-Control": [
          "private"
        ],
        "Date": [
          "Fri, 19 May 2017 15:59:32 GMT"
        ],
        "Server": [
          "Microsoft-IIS/8.5"
        ],
        "X-AspNet-Version": [
          "4.0.30319"
        ],
        "X-Powered-By": [
          "ASP.NET"
        ]
      },
      "StatusCode": 200
    },
    {
      "RequestUri": "/subscriptions/e68d4145-c9ae-4667-925d-c51c8d88ad73/resourceGroups/onesdk3621/providers/Microsoft.Network/trafficmanagerprofiles/onesdk5495?api-version=2017-05-01",
      "EncodedRequestUri": "L3N1YnNjcmlwdGlvbnMvZTY4ZDQxNDUtYzlhZS00NjY3LTkyNWQtYzUxYzhkODhhZDczL3Jlc291cmNlR3JvdXBzL29uZXNkazM2MjEvcHJvdmlkZXJzL01pY3Jvc29mdC5OZXR3b3JrL3RyYWZmaWNtYW5hZ2VycHJvZmlsZXMvb25lc2RrNTQ5NT9hcGktdmVyc2lvbj0yMDE3LTA1LTAx",
      "RequestMethod": "GET",
      "RequestBody": "",
      "RequestHeaders": {
        "x-ms-client-request-id": [
          "bd11544e-301d-446a-a84d-887f2eedc150"
        ],
        "accept-language": [
          "en-US"
        ],
        "User-Agent": [
          "FxVersion/4.6.1648.0",
          "OSName/Windows10Enterprise",
          "OSVersion/6.3.14393",
          "Microsoft.Azure.Management.TrafficManager.TrafficManagerManagementClient/2.3.0.0"
        ]
      },
      "ResponseBody": "{\r\n  \"id\": \"/subscriptions/e68d4145-c9ae-4667-925d-c51c8d88ad73/resourceGroups/onesdk3621/providers/Microsoft.Network/trafficManagerProfiles/onesdk5495\",\r\n  \"name\": \"onesdk5495\",\r\n  \"type\": \"Microsoft.Network/trafficManagerProfiles\",\r\n  \"location\": \"global\",\r\n  \"tags\": {},\r\n  \"properties\": {\r\n    \"profileStatus\": \"Enabled\",\r\n    \"trafficRoutingMethod\": \"Performance\",\r\n    \"dnsConfig\": {\r\n      \"relativeName\": \"onesdk3814\",\r\n      \"fqdn\": \"onesdk3814.tmpreview.watmtest.azure-test.net\",\r\n      \"ttl\": 50\r\n    },\r\n    \"monitorConfig\": {\r\n      \"profileMonitorStatus\": \"Inactive\",\r\n      \"protocol\": \"HTTP\",\r\n      \"port\": 80,\r\n      \"path\": \"/testpath.asp\",\r\n      \"intervalInSeconds\": 30,\r\n      \"toleratedNumberOfFailures\": 3,\r\n      \"timeoutInSeconds\": 10\r\n    },\r\n    \"endpoints\": [\r\n      {\r\n        \"id\": \"/subscriptions/e68d4145-c9ae-4667-925d-c51c8d88ad73/resourceGroups/onesdk3621/providers/Microsoft.Network/trafficManagerProfiles/onesdk5495/nestedEndpoints/MyNestedEndpoint\",\r\n        \"name\": \"MyNestedEndpoint\",\r\n        \"type\": \"Microsoft.Network/trafficManagerProfiles/nestedEndpoints\",\r\n        \"properties\": {\r\n          \"endpointStatus\": \"Enabled\",\r\n          \"endpointMonitorStatus\": \"Stopped\",\r\n          \"targetResourceId\": \"/subscriptions/e68d4145-c9ae-4667-925d-c51c8d88ad73/resourceGroups/onesdk3621/providers/Microsoft.Network/trafficManagerProfiles/onesdk5007\",\r\n          \"target\": \"onesdk7188.tmpreview.watmtest.azure-test.net\",\r\n          \"weight\": 1,\r\n          \"priority\": 1,\r\n          \"endpointLocation\": \"North Europe\",\r\n          \"minChildEndpoints\": 2\r\n        }\r\n      },\r\n      {\r\n        \"id\": \"/subscriptions/e68d4145-c9ae-4667-925d-c51c8d88ad73/resourceGroups/onesdk3621/providers/Microsoft.Network/trafficManagerProfiles/onesdk5495/nestedEndpoints/MySecondNestedEndpoint\",\r\n        \"name\": \"MySecondNestedEndpoint\",\r\n        \"type\": \"Microsoft.Network/trafficManagerProfiles/nestedEndpoints\",\r\n        \"properties\": {\r\n          \"endpointStatus\": \"Enabled\",\r\n          \"endpointMonitorStatus\": \"Stopped\",\r\n          \"targetResourceId\": \"/subscriptions/e68d4145-c9ae-4667-925d-c51c8d88ad73/resourceGroups/onesdk3621/providers/Microsoft.Network/trafficManagerProfiles/onesdk752\",\r\n          \"target\": \"onesdk7637.tmpreview.watmtest.azure-test.net\",\r\n          \"weight\": 1,\r\n          \"priority\": 2,\r\n          \"endpointLocation\": \"West Europe\",\r\n          \"minChildEndpoints\": 3\r\n        }\r\n      }\r\n    ]\r\n  }\r\n}",
      "ResponseHeaders": {
        "Content-Length": [
          "1977"
        ],
        "Content-Type": [
          "application/json; charset=utf-8"
        ],
        "X-Content-Type-Options": [
          "nosniff"
        ],
        "Strict-Transport-Security": [
          "max-age=31536000; includeSubDomains"
        ],
        "x-ms-request-id": [
          "bd11544e-301d-446a-a84d-887f2eedc150"
        ],
        "x-ms-ratelimit-remaining-subscription-resource-requests": [
          "10795"
        ],
        "x-ms-correlation-request-id": [
          "505d54e7-08ee-49d0-b5a3-9dbd4014dd41"
        ],
        "x-ms-routing-request-id": [
          "WESTEUROPE:20170519T155937Z:505d54e7-08ee-49d0-b5a3-9dbd4014dd41"
        ],
        "Cache-Control": [
          "private"
        ],
        "Date": [
          "Fri, 19 May 2017 15:59:36 GMT"
        ],
        "Server": [
          "Microsoft-IIS/8.5"
        ],
        "X-AspNet-Version": [
          "4.0.30319"
        ],
        "X-Powered-By": [
          "ASP.NET"
        ]
      },
      "StatusCode": 200
    },
    {
      "RequestUri": "/subscriptions/e68d4145-c9ae-4667-925d-c51c8d88ad73/resourceGroups/onesdk3621/providers/Microsoft.Network/trafficmanagerprofiles/onesdk5495?api-version=2017-05-01",
      "EncodedRequestUri": "L3N1YnNjcmlwdGlvbnMvZTY4ZDQxNDUtYzlhZS00NjY3LTkyNWQtYzUxYzhkODhhZDczL3Jlc291cmNlR3JvdXBzL29uZXNkazM2MjEvcHJvdmlkZXJzL01pY3Jvc29mdC5OZXR3b3JrL3RyYWZmaWNtYW5hZ2VycHJvZmlsZXMvb25lc2RrNTQ5NT9hcGktdmVyc2lvbj0yMDE3LTA1LTAx",
      "RequestMethod": "GET",
      "RequestBody": "",
      "RequestHeaders": {
        "x-ms-client-request-id": [
          "43e9cda8-709b-4cbc-8a90-dfd70e90db25"
        ],
        "accept-language": [
          "en-US"
        ],
        "User-Agent": [
          "FxVersion/4.6.1648.0",
          "OSName/Windows10Enterprise",
          "OSVersion/6.3.14393",
          "Microsoft.Azure.Management.TrafficManager.TrafficManagerManagementClient/2.3.0.0"
        ]
      },
      "ResponseBody": "{\r\n  \"id\": \"/subscriptions/e68d4145-c9ae-4667-925d-c51c8d88ad73/resourceGroups/onesdk3621/providers/Microsoft.Network/trafficManagerProfiles/onesdk5495\",\r\n  \"name\": \"onesdk5495\",\r\n  \"type\": \"Microsoft.Network/trafficManagerProfiles\",\r\n  \"location\": \"global\",\r\n  \"tags\": {},\r\n  \"properties\": {\r\n    \"profileStatus\": \"Enabled\",\r\n    \"trafficRoutingMethod\": \"Performance\",\r\n    \"dnsConfig\": {\r\n      \"relativeName\": \"onesdk3814\",\r\n      \"fqdn\": \"onesdk3814.tmpreview.watmtest.azure-test.net\",\r\n      \"ttl\": 50\r\n    },\r\n    \"monitorConfig\": {\r\n      \"profileMonitorStatus\": \"Inactive\",\r\n      \"protocol\": \"HTTP\",\r\n      \"port\": 80,\r\n      \"path\": \"/testpath.asp\",\r\n      \"intervalInSeconds\": 30,\r\n      \"toleratedNumberOfFailures\": 3,\r\n      \"timeoutInSeconds\": 10\r\n    },\r\n    \"endpoints\": [\r\n      {\r\n        \"id\": \"/subscriptions/e68d4145-c9ae-4667-925d-c51c8d88ad73/resourceGroups/onesdk3621/providers/Microsoft.Network/trafficManagerProfiles/onesdk5495/nestedEndpoints/MyNestedEndpoint\",\r\n        \"name\": \"MyNestedEndpoint\",\r\n        \"type\": \"Microsoft.Network/trafficManagerProfiles/nestedEndpoints\",\r\n        \"properties\": {\r\n          \"endpointStatus\": \"Enabled\",\r\n          \"endpointMonitorStatus\": \"Stopped\",\r\n          \"targetResourceId\": \"/subscriptions/e68d4145-c9ae-4667-925d-c51c8d88ad73/resourceGroups/onesdk3621/providers/Microsoft.Network/trafficManagerProfiles/onesdk5007\",\r\n          \"target\": \"onesdk7188.tmpreview.watmtest.azure-test.net\",\r\n          \"weight\": 1,\r\n          \"priority\": 1,\r\n          \"endpointLocation\": \"North Europe\",\r\n          \"minChildEndpoints\": 2\r\n        }\r\n      },\r\n      {\r\n        \"id\": \"/subscriptions/e68d4145-c9ae-4667-925d-c51c8d88ad73/resourceGroups/onesdk3621/providers/Microsoft.Network/trafficManagerProfiles/onesdk5495/nestedEndpoints/MySecondNestedEndpoint\",\r\n        \"name\": \"MySecondNestedEndpoint\",\r\n        \"type\": \"Microsoft.Network/trafficManagerProfiles/nestedEndpoints\",\r\n        \"properties\": {\r\n          \"endpointStatus\": \"Enabled\",\r\n          \"endpointMonitorStatus\": \"Stopped\",\r\n          \"targetResourceId\": \"/subscriptions/e68d4145-c9ae-4667-925d-c51c8d88ad73/resourceGroups/onesdk3621/providers/Microsoft.Network/trafficManagerProfiles/onesdk752\",\r\n          \"target\": \"onesdk7637.tmpreview.watmtest.azure-test.net\",\r\n          \"weight\": 1,\r\n          \"priority\": 2,\r\n          \"endpointLocation\": \"West US\",\r\n          \"minChildEndpoints\": 4\r\n        }\r\n      }\r\n    ]\r\n  }\r\n}",
      "ResponseHeaders": {
        "Content-Length": [
          "1973"
        ],
        "Content-Type": [
          "application/json; charset=utf-8"
        ],
        "X-Content-Type-Options": [
          "nosniff"
        ],
        "Strict-Transport-Security": [
          "max-age=31536000; includeSubDomains"
        ],
        "x-ms-request-id": [
          "43e9cda8-709b-4cbc-8a90-dfd70e90db25"
        ],
        "x-ms-ratelimit-remaining-subscription-resource-requests": [
          "10794"
        ],
        "x-ms-correlation-request-id": [
          "7f494503-ea57-4612-8e75-cf77b4349028"
        ],
        "x-ms-routing-request-id": [
          "WESTEUROPE:20170519T155938Z:7f494503-ea57-4612-8e75-cf77b4349028"
        ],
        "Cache-Control": [
          "private"
        ],
        "Date": [
          "Fri, 19 May 2017 15:59:37 GMT"
        ],
        "Server": [
          "Microsoft-IIS/8.5"
        ],
        "X-AspNet-Version": [
          "4.0.30319"
        ],
        "X-Powered-By": [
          "ASP.NET"
        ]
      },
      "StatusCode": 200
    },
    {
      "RequestUri": "/subscriptions/e68d4145-c9ae-4667-925d-c51c8d88ad73/resourceGroups/onesdk3621/providers/Microsoft.Network/trafficmanagerprofiles/onesdk5495?api-version=2017-05-01",
      "EncodedRequestUri": "L3N1YnNjcmlwdGlvbnMvZTY4ZDQxNDUtYzlhZS00NjY3LTkyNWQtYzUxYzhkODhhZDczL3Jlc291cmNlR3JvdXBzL29uZXNkazM2MjEvcHJvdmlkZXJzL01pY3Jvc29mdC5OZXR3b3JrL3RyYWZmaWNtYW5hZ2VycHJvZmlsZXMvb25lc2RrNTQ5NT9hcGktdmVyc2lvbj0yMDE3LTA1LTAx",
      "RequestMethod": "PUT",
      "RequestBody": "{\r\n  \"properties\": {\r\n    \"trafficRoutingMethod\": \"Performance\",\r\n    \"dnsConfig\": {\r\n      \"relativeName\": \"onesdk3814\",\r\n      \"ttl\": 50\r\n    },\r\n    \"monitorConfig\": {\r\n      \"protocol\": \"HTTP\",\r\n      \"port\": 80,\r\n      \"path\": \"/testpath.asp\"\r\n    }\r\n  },\r\n  \"location\": \"global\"\r\n}",
      "RequestHeaders": {
        "Content-Type": [
          "application/json; charset=utf-8"
        ],
        "Content-Length": [
          "287"
        ],
        "x-ms-client-request-id": [
          "578ebc92-2111-4542-9c92-98ce58995c2e"
        ],
        "accept-language": [
          "en-US"
        ],
        "User-Agent": [
          "FxVersion/4.6.1648.0",
          "OSName/Windows10Enterprise",
          "OSVersion/6.3.14393",
          "Microsoft.Azure.Management.TrafficManager.TrafficManagerManagementClient/2.3.0.0"
        ]
      },
      "ResponseBody": "{\r\n  \"id\": \"/subscriptions/e68d4145-c9ae-4667-925d-c51c8d88ad73/resourceGroups/onesdk3621/providers/Microsoft.Network/trafficManagerProfiles/onesdk5495\",\r\n  \"name\": \"onesdk5495\",\r\n  \"type\": \"Microsoft.Network/trafficManagerProfiles\",\r\n  \"location\": \"global\",\r\n  \"properties\": {\r\n    \"profileStatus\": \"Enabled\",\r\n    \"trafficRoutingMethod\": \"Performance\",\r\n    \"dnsConfig\": {\r\n      \"relativeName\": \"onesdk3814\",\r\n      \"fqdn\": \"onesdk3814.tmpreview.watmtest.azure-test.net\",\r\n      \"ttl\": 50\r\n    },\r\n    \"monitorConfig\": {\r\n      \"profileMonitorStatus\": \"Inactive\",\r\n      \"protocol\": \"HTTP\",\r\n      \"port\": 80,\r\n      \"path\": \"/testpath.asp\",\r\n      \"intervalInSeconds\": 30,\r\n      \"toleratedNumberOfFailures\": 3,\r\n      \"timeoutInSeconds\": 10\r\n    },\r\n    \"endpoints\": []\r\n  }\r\n}",
      "ResponseHeaders": {
        "Content-Length": [
          "624"
        ],
        "Content-Type": [
          "application/json; charset=utf-8"
        ],
        "X-Content-Type-Options": [
          "nosniff"
        ],
        "Strict-Transport-Security": [
          "max-age=31536000; includeSubDomains"
        ],
        "x-ms-request-id": [
          "578ebc92-2111-4542-9c92-98ce58995c2e"
        ],
        "x-ms-ratelimit-remaining-subscription-resource-requests": [
          "10798"
        ],
        "x-ms-correlation-request-id": [
          "776f69f9-71e2-4b7c-9dc4-f07d44eb0af8"
        ],
        "x-ms-routing-request-id": [
          "WESTEUROPE:20170519T155930Z:776f69f9-71e2-4b7c-9dc4-f07d44eb0af8"
        ],
        "Cache-Control": [
          "private"
        ],
        "Date": [
          "Fri, 19 May 2017 15:59:30 GMT"
        ],
        "Server": [
          "Microsoft-IIS/8.5"
        ],
        "X-AspNet-Version": [
          "4.0.30319"
        ],
        "X-Powered-By": [
          "ASP.NET"
        ]
      },
      "StatusCode": 201
    },
    {
      "RequestUri": "/subscriptions/e68d4145-c9ae-4667-925d-c51c8d88ad73/resourceGroups/onesdk3621/providers/Microsoft.Network/trafficmanagerprofiles/onesdk5495?api-version=2017-05-01",
      "EncodedRequestUri": "L3N1YnNjcmlwdGlvbnMvZTY4ZDQxNDUtYzlhZS00NjY3LTkyNWQtYzUxYzhkODhhZDczL3Jlc291cmNlR3JvdXBzL29uZXNkazM2MjEvcHJvdmlkZXJzL01pY3Jvc29mdC5OZXR3b3JrL3RyYWZmaWNtYW5hZ2VycHJvZmlsZXMvb25lc2RrNTQ5NT9hcGktdmVyc2lvbj0yMDE3LTA1LTAx",
      "RequestMethod": "PUT",
      "RequestBody": "{\r\n  \"properties\": {\r\n    \"profileStatus\": \"Enabled\",\r\n    \"trafficRoutingMethod\": \"Performance\",\r\n    \"dnsConfig\": {\r\n      \"relativeName\": \"onesdk3814\",\r\n      \"ttl\": 50\r\n    },\r\n    \"monitorConfig\": {\r\n      \"protocol\": \"HTTP\",\r\n      \"port\": 80,\r\n      \"path\": \"/testpath.asp\",\r\n      \"intervalInSeconds\": 30,\r\n      \"timeoutInSeconds\": 10,\r\n      \"toleratedNumberOfFailures\": 3\r\n    },\r\n    \"endpoints\": [\r\n      {\r\n        \"name\": \"MyNestedEndpoint\",\r\n        \"type\": \"Microsoft.Network/trafficManagerProfiles/NestedEndpoints\",\r\n        \"properties\": {\r\n          \"targetResourceId\": \"/subscriptions/e68d4145-c9ae-4667-925d-c51c8d88ad73/resourceGroups/onesdk3621/providers/Microsoft.Network/trafficManagerProfiles/onesdk5007\",\r\n          \"endpointStatus\": \"Enabled\",\r\n          \"endpointLocation\": \"North Europe\",\r\n          \"minChildEndpoints\": 2\r\n        }\r\n      }\r\n    ]\r\n  },\r\n  \"location\": \"global\"\r\n}",
      "RequestHeaders": {
        "Content-Type": [
          "application/json; charset=utf-8"
        ],
        "Content-Length": [
          "913"
        ],
        "x-ms-client-request-id": [
          "5991b7a3-1b83-4398-bd35-43d1ffd42e19"
        ],
        "accept-language": [
          "en-US"
        ],
        "User-Agent": [
          "FxVersion/4.6.1648.0",
          "OSName/Windows10Enterprise",
          "OSVersion/6.3.14393",
          "Microsoft.Azure.Management.TrafficManager.TrafficManagerManagementClient/2.3.0.0"
        ]
      },
      "ResponseBody": "{\r\n  \"id\": \"/subscriptions/e68d4145-c9ae-4667-925d-c51c8d88ad73/resourceGroups/onesdk3621/providers/Microsoft.Network/trafficManagerProfiles/onesdk5495\",\r\n  \"name\": \"onesdk5495\",\r\n  \"type\": \"Microsoft.Network/trafficManagerProfiles\",\r\n  \"location\": \"global\",\r\n  \"properties\": {\r\n    \"profileStatus\": \"Enabled\",\r\n    \"trafficRoutingMethod\": \"Performance\",\r\n    \"dnsConfig\": {\r\n      \"relativeName\": \"onesdk3814\",\r\n      \"fqdn\": \"onesdk3814.tmpreview.watmtest.azure-test.net\",\r\n      \"ttl\": 50\r\n    },\r\n    \"monitorConfig\": {\r\n      \"profileMonitorStatus\": \"CheckingEndpoints\",\r\n      \"protocol\": \"HTTP\",\r\n      \"port\": 80,\r\n      \"path\": \"/testpath.asp\",\r\n      \"intervalInSeconds\": 30,\r\n      \"toleratedNumberOfFailures\": 3,\r\n      \"timeoutInSeconds\": 10\r\n    },\r\n    \"endpoints\": [\r\n      {\r\n        \"id\": \"/subscriptions/e68d4145-c9ae-4667-925d-c51c8d88ad73/resourceGroups/onesdk3621/providers/Microsoft.Network/trafficManagerProfiles/onesdk5495/nestedEndpoints/MyNestedEndpoint\",\r\n        \"name\": \"MyNestedEndpoint\",\r\n        \"type\": \"Microsoft.Network/trafficManagerProfiles/nestedEndpoints\",\r\n        \"properties\": {\r\n          \"endpointStatus\": \"Enabled\",\r\n          \"endpointMonitorStatus\": \"Stopped\",\r\n          \"targetResourceId\": \"/subscriptions/e68d4145-c9ae-4667-925d-c51c8d88ad73/resourceGroups/onesdk3621/providers/Microsoft.Network/trafficManagerProfiles/onesdk5007\",\r\n          \"target\": \"onesdk7188.tmpreview.watmtest.azure-test.net\",\r\n          \"weight\": 1,\r\n          \"priority\": 1,\r\n          \"endpointLocation\": \"North Europe\",\r\n          \"minChildEndpoints\": 2\r\n        }\r\n      }\r\n    ]\r\n  }\r\n}",
      "ResponseHeaders": {
        "Content-Length": [
          "1299"
        ],
        "Content-Type": [
          "application/json; charset=utf-8"
        ],
        "X-Content-Type-Options": [
          "nosniff"
        ],
        "Strict-Transport-Security": [
          "max-age=31536000; includeSubDomains"
        ],
        "x-ms-request-id": [
          "5991b7a3-1b83-4398-bd35-43d1ffd42e19"
        ],
        "x-ms-ratelimit-remaining-subscription-resource-requests": [
          "10797"
        ],
        "x-ms-correlation-request-id": [
          "88bde695-e4ce-4637-ba69-1822ae862921"
        ],
        "x-ms-routing-request-id": [
          "WESTEUROPE:20170519T155932Z:88bde695-e4ce-4637-ba69-1822ae862921"
        ],
        "Cache-Control": [
          "private"
        ],
        "Date": [
          "Fri, 19 May 2017 15:59:31 GMT"
        ],
        "Server": [
          "Microsoft-IIS/8.5"
        ],
        "X-AspNet-Version": [
          "4.0.30319"
        ],
        "X-Powered-By": [
          "ASP.NET"
        ]
      },
      "StatusCode": 200
    },
    {
      "RequestUri": "/subscriptions/e68d4145-c9ae-4667-925d-c51c8d88ad73/resourceGroups/onesdk3621/providers/Microsoft.Network/trafficmanagerprofiles/onesdk752?api-version=2017-05-01",
      "EncodedRequestUri": "L3N1YnNjcmlwdGlvbnMvZTY4ZDQxNDUtYzlhZS00NjY3LTkyNWQtYzUxYzhkODhhZDczL3Jlc291cmNlR3JvdXBzL29uZXNkazM2MjEvcHJvdmlkZXJzL01pY3Jvc29mdC5OZXR3b3JrL3RyYWZmaWNtYW5hZ2VycHJvZmlsZXMvb25lc2RrNzUyP2FwaS12ZXJzaW9uPTIwMTctMDUtMDE=",
      "RequestMethod": "GET",
      "RequestBody": "",
      "RequestHeaders": {
        "x-ms-client-request-id": [
          "37cbf143-2a00-432b-a7ee-a62206b0e7a4"
        ],
        "accept-language": [
          "en-US"
        ],
        "User-Agent": [
          "FxVersion/4.6.1648.0",
          "OSName/Windows10Enterprise",
          "OSVersion/6.3.14393",
          "Microsoft.Azure.Management.TrafficManager.TrafficManagerManagementClient/2.3.0.0"
        ]
      },
      "ResponseBody": "{\r\n  \"error\": {\r\n    \"code\": \"ResourceNotFound\",\r\n    \"message\": \"The Resource 'Microsoft.Network/trafficmanagerprofiles/onesdk752' under resource group 'onesdk3621' was not found.\"\r\n  }\r\n}",
      "ResponseHeaders": {
        "Content-Length": [
          "164"
        ],
        "Content-Type": [
          "application/json; charset=utf-8"
        ],
        "Expires": [
          "-1"
        ],
        "Pragma": [
          "no-cache"
        ],
        "x-ms-failure-cause": [
          "gateway"
        ],
        "x-ms-request-id": [
          "0a5ff08e-a425-457b-b6aa-2098c49ddf6f"
        ],
        "x-ms-correlation-request-id": [
          "0a5ff08e-a425-457b-b6aa-2098c49ddf6f"
        ],
        "x-ms-routing-request-id": [
          "WESTEUROPE:20170519T155932Z:0a5ff08e-a425-457b-b6aa-2098c49ddf6f"
        ],
        "Strict-Transport-Security": [
          "max-age=31536000; includeSubDomains"
        ],
        "Cache-Control": [
          "no-cache"
        ],
        "Date": [
          "Fri, 19 May 2017 15:59:32 GMT"
        ]
      },
      "StatusCode": 404
    },
    {
      "RequestUri": "/subscriptions/e68d4145-c9ae-4667-925d-c51c8d88ad73/resourceGroups/onesdk3621/providers/Microsoft.Network/trafficmanagerprofiles/onesdk752?api-version=2017-05-01",
      "EncodedRequestUri": "L3N1YnNjcmlwdGlvbnMvZTY4ZDQxNDUtYzlhZS00NjY3LTkyNWQtYzUxYzhkODhhZDczL3Jlc291cmNlR3JvdXBzL29uZXNkazM2MjEvcHJvdmlkZXJzL01pY3Jvc29mdC5OZXR3b3JrL3RyYWZmaWNtYW5hZ2VycHJvZmlsZXMvb25lc2RrNzUyP2FwaS12ZXJzaW9uPTIwMTctMDUtMDE=",
      "RequestMethod": "PUT",
      "RequestBody": "{\r\n  \"properties\": {\r\n    \"trafficRoutingMethod\": \"Performance\",\r\n    \"dnsConfig\": {\r\n      \"relativeName\": \"onesdk7637\",\r\n      \"ttl\": 50\r\n    },\r\n    \"monitorConfig\": {\r\n      \"protocol\": \"HTTP\",\r\n      \"port\": 80,\r\n      \"path\": \"/testpath.asp\"\r\n    }\r\n  },\r\n  \"location\": \"global\"\r\n}",
      "RequestHeaders": {
        "Content-Type": [
          "application/json; charset=utf-8"
        ],
        "Content-Length": [
          "287"
        ],
        "x-ms-client-request-id": [
          "5aa898f0-7c06-4837-be46-efb4c1f022d7"
        ],
        "accept-language": [
          "en-US"
        ],
        "User-Agent": [
          "FxVersion/4.6.1648.0",
          "OSName/Windows10Enterprise",
          "OSVersion/6.3.14393",
          "Microsoft.Azure.Management.TrafficManager.TrafficManagerManagementClient/2.3.0.0"
        ]
      },
      "ResponseBody": "{\r\n  \"id\": \"/subscriptions/e68d4145-c9ae-4667-925d-c51c8d88ad73/resourceGroups/onesdk3621/providers/Microsoft.Network/trafficManagerProfiles/onesdk752\",\r\n  \"name\": \"onesdk752\",\r\n  \"type\": \"Microsoft.Network/trafficManagerProfiles\",\r\n  \"location\": \"global\",\r\n  \"properties\": {\r\n    \"profileStatus\": \"Enabled\",\r\n    \"trafficRoutingMethod\": \"Performance\",\r\n    \"dnsConfig\": {\r\n      \"relativeName\": \"onesdk7637\",\r\n      \"fqdn\": \"onesdk7637.tmpreview.watmtest.azure-test.net\",\r\n      \"ttl\": 50\r\n    },\r\n    \"monitorConfig\": {\r\n      \"profileMonitorStatus\": \"Inactive\",\r\n      \"protocol\": \"HTTP\",\r\n      \"port\": 80,\r\n      \"path\": \"/testpath.asp\",\r\n      \"intervalInSeconds\": 30,\r\n      \"toleratedNumberOfFailures\": 3,\r\n      \"timeoutInSeconds\": 10\r\n    },\r\n    \"endpoints\": []\r\n  }\r\n}",
      "ResponseHeaders": {
        "Content-Length": [
          "622"
        ],
        "Content-Type": [
          "application/json; charset=utf-8"
        ],
        "X-Content-Type-Options": [
          "nosniff"
        ],
        "Strict-Transport-Security": [
          "max-age=31536000; includeSubDomains"
        ],
        "x-ms-request-id": [
          "5aa898f0-7c06-4837-be46-efb4c1f022d7"
        ],
        "x-ms-ratelimit-remaining-subscription-resource-requests": [
          "10796"
        ],
        "x-ms-correlation-request-id": [
          "06327e11-53df-41a0-823c-e26ba6e40a93"
        ],
        "x-ms-routing-request-id": [
          "WESTEUROPE:20170519T155935Z:06327e11-53df-41a0-823c-e26ba6e40a93"
        ],
        "Cache-Control": [
          "private"
        ],
        "Date": [
          "Fri, 19 May 2017 15:59:34 GMT"
        ],
        "Server": [
          "Microsoft-IIS/8.5"
        ],
        "X-AspNet-Version": [
          "4.0.30319"
        ],
        "X-Powered-By": [
          "ASP.NET"
        ]
      },
      "StatusCode": 201
    },
    {
      "RequestUri": "/subscriptions/e68d4145-c9ae-4667-925d-c51c8d88ad73/resourceGroups/onesdk3621/providers/Microsoft.Network/trafficmanagerprofiles/onesdk5495/NestedEndpoints/MySecondNestedEndpoint?api-version=2017-05-01",
      "EncodedRequestUri": "L3N1YnNjcmlwdGlvbnMvZTY4ZDQxNDUtYzlhZS00NjY3LTkyNWQtYzUxYzhkODhhZDczL3Jlc291cmNlR3JvdXBzL29uZXNkazM2MjEvcHJvdmlkZXJzL01pY3Jvc29mdC5OZXR3b3JrL3RyYWZmaWNtYW5hZ2VycHJvZmlsZXMvb25lc2RrNTQ5NS9OZXN0ZWRFbmRwb2ludHMvTXlTZWNvbmROZXN0ZWRFbmRwb2ludD9hcGktdmVyc2lvbj0yMDE3LTA1LTAx",
      "RequestMethod": "GET",
      "RequestBody": "",
      "RequestHeaders": {
        "x-ms-client-request-id": [
          "e9db73fd-9e5b-4065-9f1f-c15aa714db13"
        ],
        "accept-language": [
          "en-US"
        ],
        "User-Agent": [
          "FxVersion/4.6.1648.0",
          "OSName/Windows10Enterprise",
          "OSVersion/6.3.14393",
          "Microsoft.Azure.Management.TrafficManager.TrafficManagerManagementClient/2.3.0.0"
        ]
      },
      "ResponseBody": "{\r\n  \"code\": \"NotFound\",\r\n  \"message\": \"The endpoint 'mysecondnestedendpoint' of type 'nestedendpoints' does not exist in the profile 'onesdk5495'.\"\r\n}",
      "ResponseHeaders": {
        "Content-Length": [
          "139"
        ],
        "Content-Type": [
          "application/json; charset=utf-8"
        ],
        "X-Content-Type-Options": [
          "nosniff"
        ],
        "Strict-Transport-Security": [
          "max-age=31536000; includeSubDomains"
        ],
        "x-ms-request-id": [
          "e9db73fd-9e5b-4065-9f1f-c15aa714db13"
        ],
        "x-ms-ratelimit-remaining-subscription-reads": [
          "14999"
        ],
        "x-ms-correlation-request-id": [
          "899efa14-037d-40d5-87f1-ac2d51a8feb2"
        ],
        "x-ms-routing-request-id": [
          "WESTEUROPE:20170519T155935Z:899efa14-037d-40d5-87f1-ac2d51a8feb2"
        ],
        "Cache-Control": [
          "private"
        ],
        "Date": [
          "Fri, 19 May 2017 15:59:34 GMT"
        ],
        "Server": [
          "Microsoft-IIS/8.5"
        ],
        "X-AspNet-Version": [
          "4.0.30319"
        ],
        "X-Powered-By": [
          "ASP.NET"
        ]
      },
      "StatusCode": 404
    },
    {
      "RequestUri": "/subscriptions/e68d4145-c9ae-4667-925d-c51c8d88ad73/resourceGroups/onesdk3621/providers/Microsoft.Network/trafficmanagerprofiles/onesdk5495/NestedEndpoints/MySecondNestedEndpoint?api-version=2017-05-01",
      "EncodedRequestUri": "L3N1YnNjcmlwdGlvbnMvZTY4ZDQxNDUtYzlhZS00NjY3LTkyNWQtYzUxYzhkODhhZDczL3Jlc291cmNlR3JvdXBzL29uZXNkazM2MjEvcHJvdmlkZXJzL01pY3Jvc29mdC5OZXR3b3JrL3RyYWZmaWNtYW5hZ2VycHJvZmlsZXMvb25lc2RrNTQ5NS9OZXN0ZWRFbmRwb2ludHMvTXlTZWNvbmROZXN0ZWRFbmRwb2ludD9hcGktdmVyc2lvbj0yMDE3LTA1LTAx",
      "RequestMethod": "PUT",
      "RequestBody": "{\r\n  \"name\": \"MySecondNestedEndpoint\",\r\n  \"type\": \"Microsoft.Network/trafficManagerProfiles/NestedEndpoints\",\r\n  \"properties\": {\r\n    \"targetResourceId\": \"/subscriptions/e68d4145-c9ae-4667-925d-c51c8d88ad73/resourceGroups/onesdk3621/providers/Microsoft.Network/trafficManagerProfiles/onesdk752\",\r\n    \"endpointStatus\": \"Enabled\",\r\n    \"endpointLocation\": \"West Europe\",\r\n    \"minChildEndpoints\": 3\r\n  }\r\n}",
      "RequestHeaders": {
        "Content-Type": [
          "application/json; charset=utf-8"
        ],
        "Content-Length": [
          "405"
        ],
        "x-ms-client-request-id": [
          "c243c80c-ecf3-46e3-b775-2dcb24f1728f"
        ],
        "accept-language": [
          "en-US"
        ],
        "User-Agent": [
          "FxVersion/4.6.1648.0",
          "OSName/Windows10Enterprise",
          "OSVersion/6.3.14393",
          "Microsoft.Azure.Management.TrafficManager.TrafficManagerManagementClient/2.3.0.0"
        ]
      },
      "ResponseBody": "{\r\n  \"id\": \"/subscriptions/e68d4145-c9ae-4667-925d-c51c8d88ad73/resourceGroups/onesdk3621/providers/Microsoft.Network/trafficManagerProfiles/onesdk5495/nestedEndpoints/MySecondNestedEndpoint\",\r\n  \"name\": \"MySecondNestedEndpoint\",\r\n  \"type\": \"Microsoft.Network/trafficManagerProfiles/nestedEndpoints\",\r\n  \"properties\": {\r\n    \"endpointStatus\": \"Enabled\",\r\n    \"endpointMonitorStatus\": \"Stopped\",\r\n    \"targetResourceId\": \"/subscriptions/e68d4145-c9ae-4667-925d-c51c8d88ad73/resourceGroups/onesdk3621/providers/Microsoft.Network/trafficManagerProfiles/onesdk752\",\r\n    \"target\": \"onesdk7637.tmpreview.watmtest.azure-test.net\",\r\n    \"weight\": 1,\r\n    \"priority\": 2,\r\n    \"endpointLocation\": \"West Europe\",\r\n    \"minChildEndpoints\": 3\r\n  }\r\n}",
      "ResponseHeaders": {
        "Content-Length": [
          "676"
        ],
        "Content-Type": [
          "application/json; charset=utf-8"
        ],
        "X-Content-Type-Options": [
          "nosniff"
        ],
        "Strict-Transport-Security": [
          "max-age=31536000; includeSubDomains"
        ],
        "x-ms-request-id": [
          "c243c80c-ecf3-46e3-b775-2dcb24f1728f"
        ],
        "x-ms-ratelimit-remaining-subscription-writes": [
          "1199"
        ],
        "x-ms-correlation-request-id": [
          "a00147ca-94ec-4246-8628-90cbfd6f3190"
        ],
        "x-ms-routing-request-id": [
          "WESTEUROPE:20170519T155936Z:a00147ca-94ec-4246-8628-90cbfd6f3190"
        ],
        "Cache-Control": [
          "private"
        ],
        "Date": [
          "Fri, 19 May 2017 15:59:36 GMT"
        ],
        "Server": [
          "Microsoft-IIS/8.5"
        ],
        "X-AspNet-Version": [
          "4.0.30319"
        ],
        "X-Powered-By": [
          "ASP.NET"
        ]
      },
      "StatusCode": 201
    },
    {
      "RequestUri": "/subscriptions/e68d4145-c9ae-4667-925d-c51c8d88ad73/resourceGroups/onesdk3621/providers/Microsoft.Network/trafficmanagerprofiles/onesdk5495/NestedEndpoints/MySecondNestedEndpoint?api-version=2017-05-01",
      "EncodedRequestUri": "L3N1YnNjcmlwdGlvbnMvZTY4ZDQxNDUtYzlhZS00NjY3LTkyNWQtYzUxYzhkODhhZDczL3Jlc291cmNlR3JvdXBzL29uZXNkazM2MjEvcHJvdmlkZXJzL01pY3Jvc29mdC5OZXR3b3JrL3RyYWZmaWNtYW5hZ2VycHJvZmlsZXMvb25lc2RrNTQ5NS9OZXN0ZWRFbmRwb2ludHMvTXlTZWNvbmROZXN0ZWRFbmRwb2ludD9hcGktdmVyc2lvbj0yMDE3LTA1LTAx",
      "RequestMethod": "PUT",
      "RequestBody": "{\r\n  \"id\": \"/subscriptions/e68d4145-c9ae-4667-925d-c51c8d88ad73/resourceGroups/onesdk3621/providers/Microsoft.Network/trafficManagerProfiles/onesdk5495/nestedEndpoints/MySecondNestedEndpoint\",\r\n  \"name\": \"MySecondNestedEndpoint\",\r\n  \"type\": \"Microsoft.Network/trafficManagerProfiles/NestedEndpoints\",\r\n  \"properties\": {\r\n    \"targetResourceId\": \"/subscriptions/e68d4145-c9ae-4667-925d-c51c8d88ad73/resourceGroups/onesdk3621/providers/Microsoft.Network/trafficManagerProfiles/onesdk752\",\r\n    \"target\": \"onesdk7637.tmpreview.watmtest.azure-test.net\",\r\n    \"endpointStatus\": \"Enabled\",\r\n    \"weight\": 1,\r\n    \"priority\": 2,\r\n    \"endpointLocation\": \"West US\",\r\n    \"minChildEndpoints\": 4\r\n  }\r\n}",
      "RequestHeaders": {
        "Content-Type": [
          "application/json; charset=utf-8"
        ],
        "Content-Length": [
          "693"
        ],
        "x-ms-client-request-id": [
          "9b861127-ea43-41b3-be74-adac540a7c9e"
        ],
        "accept-language": [
          "en-US"
        ],
        "User-Agent": [
          "FxVersion/4.6.1648.0",
          "OSName/Windows10Enterprise",
          "OSVersion/6.3.14393",
          "Microsoft.Azure.Management.TrafficManager.TrafficManagerManagementClient/2.3.0.0"
        ]
      },
      "ResponseBody": "{\r\n  \"id\": \"/subscriptions/e68d4145-c9ae-4667-925d-c51c8d88ad73/resourceGroups/onesdk3621/providers/Microsoft.Network/trafficManagerProfiles/onesdk5495/nestedEndpoints/MySecondNestedEndpoint\",\r\n  \"name\": \"MySecondNestedEndpoint\",\r\n  \"type\": \"Microsoft.Network/trafficManagerProfiles/nestedEndpoints\",\r\n  \"properties\": {\r\n    \"endpointStatus\": \"Enabled\",\r\n    \"endpointMonitorStatus\": \"Stopped\",\r\n    \"targetResourceId\": \"/subscriptions/e68d4145-c9ae-4667-925d-c51c8d88ad73/resourceGroups/onesdk3621/providers/Microsoft.Network/trafficManagerProfiles/onesdk752\",\r\n    \"target\": \"onesdk7637.tmpreview.watmtest.azure-test.net\",\r\n    \"weight\": 1,\r\n    \"priority\": 2,\r\n    \"endpointLocation\": \"West US\",\r\n    \"minChildEndpoints\": 4\r\n  }\r\n}",
      "ResponseHeaders": {
        "Content-Length": [
          "672"
        ],
        "Content-Type": [
          "application/json; charset=utf-8"
        ],
        "X-Content-Type-Options": [
          "nosniff"
        ],
        "Strict-Transport-Security": [
          "max-age=31536000; includeSubDomains"
        ],
        "x-ms-request-id": [
          "9b861127-ea43-41b3-be74-adac540a7c9e"
        ],
        "x-ms-ratelimit-remaining-subscription-writes": [
          "1198"
        ],
        "x-ms-correlation-request-id": [
          "a9dbe5c0-a454-4bbe-a685-a3b89f73e0b1"
        ],
        "x-ms-routing-request-id": [
          "WESTEUROPE:20170519T155937Z:a9dbe5c0-a454-4bbe-a685-a3b89f73e0b1"
        ],
        "Cache-Control": [
          "private"
        ],
        "Date": [
          "Fri, 19 May 2017 15:59:37 GMT"
        ],
        "Server": [
          "Microsoft-IIS/8.5"
        ],
        "X-AspNet-Version": [
          "4.0.30319"
        ],
        "X-Powered-By": [
          "ASP.NET"
        ]
      },
      "StatusCode": 201
    }
  ],
  "Names": {
    "Test-NestedEndpointsCreateUpdate": [
      "onesdk3621",
      "onesdk5007",
      "onesdk7188",
      "onesdk752",
      "onesdk7637",
      "onesdk5495",
      "onesdk3814"
    ]
  },
  "Variables": {
    "SubscriptionId": "e68d4145-c9ae-4667-925d-c51c8d88ad73"
  }
}