{
  "Entries": [
    {
      "RequestUri": "/subscriptions/e68d4145-c9ae-4667-925d-c51c8d88ad73/resourcegroups/onesdk2590?api-version=2016-02-01",
      "EncodedRequestUri": "L3N1YnNjcmlwdGlvbnMvZTY4ZDQxNDUtYzlhZS00NjY3LTkyNWQtYzUxYzhkODhhZDczL3Jlc291cmNlZ3JvdXBzL29uZXNkazI1OTA/YXBpLXZlcnNpb249MjAxNi0wMi0wMQ==",
      "RequestMethod": "PUT",
      "RequestBody": "{\r\n  \"location\": \"West US\"\r\n}",
      "RequestHeaders": {
        "Content-Type": [
          "application/json; charset=utf-8"
        ],
        "Content-Length": [
          "29"
        ],
        "User-Agent": [
          "Microsoft.Azure.Management.Resources.ResourceManagementClient/2.0.0.0"
        ]
      },
      "ResponseBody": "{\r\n  \"id\": \"/subscriptions/e68d4145-c9ae-4667-925d-c51c8d88ad73/resourceGroups/onesdk2590\",\r\n  \"name\": \"onesdk2590\",\r\n  \"location\": \"westus\",\r\n  \"properties\": {\r\n    \"provisioningState\": \"Succeeded\"\r\n  }\r\n}",
      "ResponseHeaders": {
        "Content-Length": [
          "173"
        ],
        "Content-Type": [
          "application/json; charset=utf-8"
        ],
        "Expires": [
          "-1"
        ],
        "Pragma": [
          "no-cache"
        ],
        "x-ms-ratelimit-remaining-subscription-writes": [
          "1194"
        ],
        "x-ms-request-id": [
          "4d890325-1fb6-4fbf-bc19-1b0d7e667778"
        ],
        "x-ms-correlation-request-id": [
          "4d890325-1fb6-4fbf-bc19-1b0d7e667778"
        ],
        "x-ms-routing-request-id": [
          "WESTEUROPE:20170522T111211Z:4d890325-1fb6-4fbf-bc19-1b0d7e667778"
        ],
        "Strict-Transport-Security": [
          "max-age=31536000; includeSubDomains"
        ],
        "Cache-Control": [
          "no-cache"
        ],
        "Date": [
          "Mon, 22 May 2017 11:12:10 GMT"
        ]
      },
      "StatusCode": 201
    },
    {
      "RequestUri": "/subscriptions/e68d4145-c9ae-4667-925d-c51c8d88ad73/resourceGroups/onesdk2590/providers/Microsoft.Network/trafficmanagerprofiles/onesdk6966?api-version=2017-05-01",
      "EncodedRequestUri": "L3N1YnNjcmlwdGlvbnMvZTY4ZDQxNDUtYzlhZS00NjY3LTkyNWQtYzUxYzhkODhhZDczL3Jlc291cmNlR3JvdXBzL29uZXNkazI1OTAvcHJvdmlkZXJzL01pY3Jvc29mdC5OZXR3b3JrL3RyYWZmaWNtYW5hZ2VycHJvZmlsZXMvb25lc2RrNjk2Nj9hcGktdmVyc2lvbj0yMDE3LTA1LTAx",
      "RequestMethod": "GET",
      "RequestBody": "",
      "RequestHeaders": {
        "x-ms-client-request-id": [
          "78967da9-db4a-4cbc-a9ac-6adbf5d37497"
        ],
        "accept-language": [
          "en-US"
        ],
        "User-Agent": [
          "FxVersion/4.6.1648.0",
          "OSName/Windows10Enterprise",
          "OSVersion/6.3.14393",
          "Microsoft.Azure.Management.TrafficManager.TrafficManagerManagementClient/2.3.0.0"
        ]
      },
      "ResponseBody": "{\r\n  \"error\": {\r\n    \"code\": \"ResourceNotFound\",\r\n    \"message\": \"The Resource 'Microsoft.Network/trafficmanagerprofiles/onesdk6966' under resource group 'onesdk2590' was not found.\"\r\n  }\r\n}",
      "ResponseHeaders": {
        "Content-Length": [
          "165"
        ],
        "Content-Type": [
          "application/json; charset=utf-8"
        ],
        "Expires": [
          "-1"
        ],
        "Pragma": [
          "no-cache"
        ],
        "x-ms-failure-cause": [
          "gateway"
        ],
        "x-ms-request-id": [
          "1e530609-5ae2-44cb-ae3c-e71125d8a932"
        ],
        "x-ms-correlation-request-id": [
          "1e530609-5ae2-44cb-ae3c-e71125d8a932"
        ],
        "x-ms-routing-request-id": [
          "WESTEUROPE:20170522T111211Z:1e530609-5ae2-44cb-ae3c-e71125d8a932"
        ],
        "Strict-Transport-Security": [
          "max-age=31536000; includeSubDomains"
        ],
        "Cache-Control": [
          "no-cache"
        ],
        "Date": [
          "Mon, 22 May 2017 11:12:10 GMT"
        ]
      },
      "StatusCode": 404
    },
    {
      "RequestUri": "/subscriptions/e68d4145-c9ae-4667-925d-c51c8d88ad73/resourceGroups/onesdk2590/providers/Microsoft.Network/trafficmanagerprofiles/onesdk6966?api-version=2017-05-01",
      "EncodedRequestUri": "L3N1YnNjcmlwdGlvbnMvZTY4ZDQxNDUtYzlhZS00NjY3LTkyNWQtYzUxYzhkODhhZDczL3Jlc291cmNlR3JvdXBzL29uZXNkazI1OTAvcHJvdmlkZXJzL01pY3Jvc29mdC5OZXR3b3JrL3RyYWZmaWNtYW5hZ2VycHJvZmlsZXMvb25lc2RrNjk2Nj9hcGktdmVyc2lvbj0yMDE3LTA1LTAx",
      "RequestMethod": "GET",
      "RequestBody": "",
      "RequestHeaders": {
        "x-ms-client-request-id": [
          "77eb1495-e222-4d91-a54d-a04885fc41da"
        ],
        "accept-language": [
          "en-US"
        ],
        "User-Agent": [
          "FxVersion/4.6.1648.0",
          "OSName/Windows10Enterprise",
          "OSVersion/6.3.14393",
          "Microsoft.Azure.Management.TrafficManager.TrafficManagerManagementClient/2.3.0.0"
        ]
      },
      "ResponseBody": "{\r\n  \"id\": \"/subscriptions/e68d4145-c9ae-4667-925d-c51c8d88ad73/resourceGroups/onesdk2590/providers/Microsoft.Network/trafficManagerProfiles/onesdk6966\",\r\n  \"name\": \"onesdk6966\",\r\n  \"type\": \"Microsoft.Network/trafficManagerProfiles\",\r\n  \"location\": \"global\",\r\n  \"tags\": {},\r\n  \"properties\": {\r\n    \"profileStatus\": \"Enabled\",\r\n    \"trafficRoutingMethod\": \"Weighted\",\r\n    \"dnsConfig\": {\r\n      \"relativeName\": \"onesdk7992\",\r\n      \"fqdn\": \"onesdk7992.tmpreview.watmtest.azure-test.net\",\r\n      \"ttl\": 50\r\n    },\r\n    \"monitorConfig\": {\r\n      \"profileMonitorStatus\": \"Inactive\",\r\n      \"protocol\": \"TCP\",\r\n      \"port\": 8080,\r\n      \"path\": null,\r\n      \"intervalInSeconds\": 30,\r\n      \"toleratedNumberOfFailures\": 3,\r\n      \"timeoutInSeconds\": 10\r\n    },\r\n    \"endpoints\": []\r\n  }\r\n}",
      "ResponseHeaders": {
        "Content-Length": [
          "620"
        ],
        "Content-Type": [
          "application/json; charset=utf-8"
        ],
        "X-Content-Type-Options": [
          "nosniff"
        ],
        "Strict-Transport-Security": [
          "max-age=31536000; includeSubDomains"
        ],
        "x-ms-request-id": [
          "77eb1495-e222-4d91-a54d-a04885fc41da"
        ],
        "x-ms-ratelimit-remaining-subscription-resource-requests": [
          "10796"
        ],
        "x-ms-correlation-request-id": [
          "936da2f3-4cc4-49b2-a03f-59e772c9e5ef"
        ],
        "x-ms-routing-request-id": [
          "WESTEUROPE:20170522T111213Z:936da2f3-4cc4-49b2-a03f-59e772c9e5ef"
        ],
        "Cache-Control": [
          "private"
        ],
        "Date": [
          "Mon, 22 May 2017 11:12:12 GMT"
        ],
        "Server": [
          "Microsoft-IIS/8.5"
        ],
        "X-AspNet-Version": [
          "4.0.30319"
        ],
        "X-Powered-By": [
          "ASP.NET"
        ]
      },
      "StatusCode": 200
    },
    {
      "RequestUri": "/subscriptions/e68d4145-c9ae-4667-925d-c51c8d88ad73/resourceGroups/onesdk2590/providers/Microsoft.Network/trafficmanagerprofiles/onesdk6966?api-version=2017-05-01",
      "EncodedRequestUri": "L3N1YnNjcmlwdGlvbnMvZTY4ZDQxNDUtYzlhZS00NjY3LTkyNWQtYzUxYzhkODhhZDczL3Jlc291cmNlR3JvdXBzL29uZXNkazI1OTAvcHJvdmlkZXJzL01pY3Jvc29mdC5OZXR3b3JrL3RyYWZmaWNtYW5hZ2VycHJvZmlsZXMvb25lc2RrNjk2Nj9hcGktdmVyc2lvbj0yMDE3LTA1LTAx",
      "RequestMethod": "PUT",
      "RequestBody": "{\r\n  \"properties\": {\r\n    \"trafficRoutingMethod\": \"Weighted\",\r\n    \"dnsConfig\": {\r\n      \"relativeName\": \"onesdk7992\",\r\n      \"ttl\": 50\r\n    },\r\n    \"monitorConfig\": {\r\n      \"protocol\": \"TCP\",\r\n      \"port\": 8080\r\n    }\r\n  },\r\n  \"location\": \"global\"\r\n}",
      "RequestHeaders": {
        "Content-Type": [
          "application/json; charset=utf-8"
        ],
        "Content-Length": [
          "253"
        ],
        "x-ms-client-request-id": [
          "54402d48-4313-4806-82c3-4e1d19e17ec3"
        ],
        "accept-language": [
          "en-US"
        ],
        "User-Agent": [
          "FxVersion/4.6.1648.0",
          "OSName/Windows10Enterprise",
          "OSVersion/6.3.14393",
          "Microsoft.Azure.Management.TrafficManager.TrafficManagerManagementClient/2.3.0.0"
        ]
      },
      "ResponseBody": "{\r\n  \"id\": \"/subscriptions/e68d4145-c9ae-4667-925d-c51c8d88ad73/resourceGroups/onesdk2590/providers/Microsoft.Network/trafficManagerProfiles/onesdk6966\",\r\n  \"name\": \"onesdk6966\",\r\n  \"type\": \"Microsoft.Network/trafficManagerProfiles\",\r\n  \"location\": \"global\",\r\n  \"properties\": {\r\n    \"profileStatus\": \"Enabled\",\r\n    \"trafficRoutingMethod\": \"Weighted\",\r\n    \"dnsConfig\": {\r\n      \"relativeName\": \"onesdk7992\",\r\n      \"fqdn\": \"onesdk7992.tmpreview.watmtest.azure-test.net\",\r\n      \"ttl\": 50\r\n    },\r\n    \"monitorConfig\": {\r\n      \"profileMonitorStatus\": \"Inactive\",\r\n      \"protocol\": \"TCP\",\r\n      \"port\": 8080,\r\n      \"path\": null,\r\n      \"intervalInSeconds\": 30,\r\n      \"toleratedNumberOfFailures\": 3,\r\n      \"timeoutInSeconds\": 10\r\n    },\r\n    \"endpoints\": []\r\n  }\r\n}",
      "ResponseHeaders": {
        "Content-Length": [
          "610"
        ],
        "Content-Type": [
          "application/json; charset=utf-8"
        ],
        "X-Content-Type-Options": [
          "nosniff"
        ],
        "Strict-Transport-Security": [
          "max-age=31536000; includeSubDomains"
        ],
        "x-ms-request-id": [
          "54402d48-4313-4806-82c3-4e1d19e17ec3"
        ],
        "x-ms-ratelimit-remaining-subscription-resource-requests": [
          "10798"
        ],
        "x-ms-correlation-request-id": [
          "e0075004-c95a-4a02-a699-434722ff4769"
        ],
        "x-ms-routing-request-id": [
          "WESTEUROPE:20170522T111213Z:e0075004-c95a-4a02-a699-434722ff4769"
        ],
        "Cache-Control": [
          "private"
        ],
        "Date": [
          "Mon, 22 May 2017 11:12:12 GMT"
        ],
        "Server": [
          "Microsoft-IIS/8.5"
        ],
        "X-AspNet-Version": [
          "4.0.30319"
        ],
        "X-Powered-By": [
          "ASP.NET"
        ]
      },
      "StatusCode": 201
    },
    {
      "RequestUri": "/subscriptions/e68d4145-c9ae-4667-925d-c51c8d88ad73/resourceGroups/onesdk2590/providers/Microsoft.Network/trafficmanagerprofiles/onesdk6966?api-version=2017-05-01",
      "EncodedRequestUri": "L3N1YnNjcmlwdGlvbnMvZTY4ZDQxNDUtYzlhZS00NjY3LTkyNWQtYzUxYzhkODhhZDczL3Jlc291cmNlR3JvdXBzL29uZXNkazI1OTAvcHJvdmlkZXJzL01pY3Jvc29mdC5OZXR3b3JrL3RyYWZmaWNtYW5hZ2VycHJvZmlsZXMvb25lc2RrNjk2Nj9hcGktdmVyc2lvbj0yMDE3LTA1LTAx",
      "RequestMethod": "PUT",
      "RequestBody": "{\r\n  \"properties\": {\r\n    \"profileStatus\": \"Enabled\",\r\n    \"trafficRoutingMethod\": \"Weighted\",\r\n    \"dnsConfig\": {\r\n      \"relativeName\": \"onesdk7992\",\r\n      \"ttl\": 50\r\n    },\r\n    \"monitorConfig\": {\r\n      \"protocol\": \"HTTP\",\r\n      \"port\": 81,\r\n      \"path\": \"/health.htm\",\r\n      \"intervalInSeconds\": 30,\r\n      \"timeoutInSeconds\": 10,\r\n      \"toleratedNumberOfFailures\": 3\r\n    }\r\n  },\r\n  \"location\": \"global\"\r\n}",
      "RequestHeaders": {
        "Content-Type": [
          "application/json; charset=utf-8"
        ],
        "Content-Length": [
          "417"
        ],
        "x-ms-client-request-id": [
          "f700ced4-3b58-4e8d-8352-547ee03c3145"
        ],
        "accept-language": [
          "en-US"
        ],
        "User-Agent": [
          "FxVersion/4.6.1648.0",
          "OSName/Windows10Enterprise",
          "OSVersion/6.3.14393",
          "Microsoft.Azure.Management.TrafficManager.TrafficManagerManagementClient/2.3.0.0"
        ]
      },
      "ResponseBody": "{\r\n  \"id\": \"/subscriptions/e68d4145-c9ae-4667-925d-c51c8d88ad73/resourceGroups/onesdk2590/providers/Microsoft.Network/trafficManagerProfiles/onesdk6966\",\r\n  \"name\": \"onesdk6966\",\r\n  \"type\": \"Microsoft.Network/trafficManagerProfiles\",\r\n  \"location\": \"global\",\r\n  \"properties\": {\r\n    \"profileStatus\": \"Enabled\",\r\n    \"trafficRoutingMethod\": \"Weighted\",\r\n    \"dnsConfig\": {\r\n      \"relativeName\": \"onesdk7992\",\r\n      \"fqdn\": \"onesdk7992.tmpreview.watmtest.azure-test.net\",\r\n      \"ttl\": 50\r\n    },\r\n    \"monitorConfig\": {\r\n      \"profileMonitorStatus\": \"Inactive\",\r\n      \"protocol\": \"HTTP\",\r\n      \"port\": 81,\r\n      \"path\": \"/health.htm\",\r\n      \"intervalInSeconds\": 30,\r\n      \"toleratedNumberOfFailures\": 3,\r\n      \"timeoutInSeconds\": 10\r\n    },\r\n    \"endpoints\": []\r\n  }\r\n}",
      "ResponseHeaders": {
        "Content-Length": [
          "619"
        ],
        "Content-Type": [
          "application/json; charset=utf-8"
        ],
        "X-Content-Type-Options": [
          "nosniff"
        ],
        "Strict-Transport-Security": [
          "max-age=31536000; includeSubDomains"
        ],
        "x-ms-request-id": [
          "f700ced4-3b58-4e8d-8352-547ee03c3145"
        ],
        "x-ms-ratelimit-remaining-subscription-resource-requests": [
          "10797"
        ],
        "x-ms-correlation-request-id": [
          "13f44d67-5021-4211-8667-03245a713e54"
        ],
        "x-ms-routing-request-id": [
          "WESTEUROPE:20170522T111213Z:13f44d67-5021-4211-8667-03245a713e54"
        ],
        "Cache-Control": [
          "private"
        ],
        "Date": [
          "Mon, 22 May 2017 11:12:13 GMT"
        ],
        "Server": [
          "Microsoft-IIS/8.5"
        ],
        "X-AspNet-Version": [
          "4.0.30319"
        ],
        "X-Powered-By": [
          "ASP.NET"
        ]
      },
      "StatusCode": 200
    },
    {
      "RequestUri": "/subscriptions/e68d4145-c9ae-4667-925d-c51c8d88ad73/resourceGroups/onesdk2590/providers/Microsoft.Network/trafficmanagerprofiles/onesdk6966?api-version=2017-05-01",
      "EncodedRequestUri": "L3N1YnNjcmlwdGlvbnMvZTY4ZDQxNDUtYzlhZS00NjY3LTkyNWQtYzUxYzhkODhhZDczL3Jlc291cmNlR3JvdXBzL29uZXNkazI1OTAvcHJvdmlkZXJzL01pY3Jvc29mdC5OZXR3b3JrL3RyYWZmaWNtYW5hZ2VycHJvZmlsZXMvb25lc2RrNjk2Nj9hcGktdmVyc2lvbj0yMDE3LTA1LTAx",
      "RequestMethod": "PUT",
      "RequestBody": "{\r\n  \"properties\": {\r\n    \"profileStatus\": \"Enabled\",\r\n    \"trafficRoutingMethod\": \"Weighted\",\r\n    \"dnsConfig\": {\r\n      \"relativeName\": \"onesdk7992\",\r\n      \"ttl\": 50\r\n    },\r\n    \"monitorConfig\": {\r\n      \"protocol\": \"TCP\",\r\n      \"port\": 8086,\r\n      \"path\": \"\",\r\n      \"intervalInSeconds\": 30,\r\n      \"timeoutInSeconds\": 10,\r\n      \"toleratedNumberOfFailures\": 3\r\n    }\r\n  },\r\n  \"location\": \"global\"\r\n}",
      "RequestHeaders": {
        "Content-Type": [
          "application/json; charset=utf-8"
        ],
        "Content-Length": [
          "407"
        ],
        "x-ms-client-request-id": [
          "53ff4221-1f04-49b7-9235-6ac61cff02e8"
        ],
        "accept-language": [
          "en-US"
        ],
        "User-Agent": [
          "FxVersion/4.6.1648.0",
          "OSName/Windows10Enterprise",
          "OSVersion/6.3.14393",
          "Microsoft.Azure.Management.TrafficManager.TrafficManagerManagementClient/2.3.0.0"
        ]
      },
      "ResponseBody": "{\r\n  \"id\": \"/subscriptions/e68d4145-c9ae-4667-925d-c51c8d88ad73/resourceGroups/onesdk2590/providers/Microsoft.Network/trafficManagerProfiles/onesdk6966\",\r\n  \"name\": \"onesdk6966\",\r\n  \"type\": \"Microsoft.Network/trafficManagerProfiles\",\r\n  \"location\": \"global\",\r\n  \"properties\": {\r\n    \"profileStatus\": \"Enabled\",\r\n    \"trafficRoutingMethod\": \"Weighted\",\r\n    \"dnsConfig\": {\r\n      \"relativeName\": \"onesdk7992\",\r\n      \"fqdn\": \"onesdk7992.tmpreview.watmtest.azure-test.net\",\r\n      \"ttl\": 50\r\n    },\r\n    \"monitorConfig\": {\r\n      \"profileMonitorStatus\": \"Inactive\",\r\n      \"protocol\": \"TCP\",\r\n      \"port\": 8086,\r\n      \"path\": \"\",\r\n      \"intervalInSeconds\": 30,\r\n      \"toleratedNumberOfFailures\": 3,\r\n      \"timeoutInSeconds\": 10\r\n    },\r\n    \"endpoints\": []\r\n  }\r\n}",
      "ResponseHeaders": {
        "Content-Length": [
          "608"
        ],
        "Content-Type": [
          "application/json; charset=utf-8"
        ],
        "X-Content-Type-Options": [
          "nosniff"
        ],
        "Strict-Transport-Security": [
          "max-age=31536000; includeSubDomains"
        ],
        "x-ms-request-id": [
          "53ff4221-1f04-49b7-9235-6ac61cff02e8"
        ],
        "x-ms-ratelimit-remaining-subscription-resource-requests": [
          "10796"
        ],
        "x-ms-correlation-request-id": [
          "e2dee6e7-0ed8-4786-9c0d-5664cba5e4e5"
        ],
        "x-ms-routing-request-id": [
          "WESTEUROPE:20170522T111214Z:e2dee6e7-0ed8-4786-9c0d-5664cba5e4e5"
        ],
        "Cache-Control": [
          "private"
        ],
        "Date": [
          "Mon, 22 May 2017 11:12:13 GMT"
        ],
        "Server": [
          "Microsoft-IIS/8.5"
        ],
        "X-AspNet-Version": [
          "4.0.30319"
        ],
        "X-Powered-By": [
          "ASP.NET"
        ]
      },
      "StatusCode": 200
    },
    {
      "RequestUri": "/subscriptions/e68d4145-c9ae-4667-925d-c51c8d88ad73/resourceGroups/onesdk2590/providers/Microsoft.Network/trafficmanagerprofiles/onesdk6966?api-version=2017-05-01",
      "EncodedRequestUri": "L3N1YnNjcmlwdGlvbnMvZTY4ZDQxNDUtYzlhZS00NjY3LTkyNWQtYzUxYzhkODhhZDczL3Jlc291cmNlR3JvdXBzL29uZXNkazI1OTAvcHJvdmlkZXJzL01pY3Jvc29mdC5OZXR3b3JrL3RyYWZmaWNtYW5hZ2VycHJvZmlsZXMvb25lc2RrNjk2Nj9hcGktdmVyc2lvbj0yMDE3LTA1LTAx",
      "RequestMethod": "DELETE",
      "RequestBody": "",
      "RequestHeaders": {
        "x-ms-client-request-id": [
          "e9cee3a2-7ba9-4a07-b5a6-ed5982189b76"
        ],
        "accept-language": [
          "en-US"
        ],
        "User-Agent": [
          "FxVersion/4.6.1648.0",
          "OSName/Windows10Enterprise",
          "OSVersion/6.3.14393",
          "Microsoft.Azure.Management.TrafficManager.TrafficManagerManagementClient/2.3.0.0"
        ]
      },
      "ResponseBody": "",
      "ResponseHeaders": {
        "Content-Length": [
          "0"
        ],
        "X-Content-Type-Options": [
          "nosniff"
        ],
        "Strict-Transport-Security": [
          "max-age=31536000; includeSubDomains"
        ],
        "x-ms-request-id": [
          "e9cee3a2-7ba9-4a07-b5a6-ed5982189b76"
        ],
        "x-ms-ratelimit-remaining-subscription-resource-requests": [
          "10799"
        ],
        "x-ms-correlation-request-id": [
          "5e7915ed-46b3-45a0-ab88-82a34affd1c3"
        ],
        "x-ms-routing-request-id": [
          "WESTEUROPE:20170522T111218Z:5e7915ed-46b3-45a0-ab88-82a34affd1c3"
        ],
        "Cache-Control": [
          "private"
        ],
        "Date": [
          "Mon, 22 May 2017 11:12:18 GMT"
        ],
        "Server": [
          "Microsoft-IIS/8.5"
        ],
        "X-AspNet-Version": [
          "4.0.30319"
        ],
        "X-Powered-By": [
          "ASP.NET"
        ]
      },
      "StatusCode": 200
    }
  ],
  "Names": {
    "Test-ProfileMonitorProtocol": [
      "onesdk6966",
      "onesdk2590",
      "onesdk7992"
    ]
  },
  "Variables": {
    "SubscriptionId": "e68d4145-c9ae-4667-925d-c51c8d88ad73"
  }
}