{
  "Entries": [
    {
      "RequestUri": "/subscriptions/e68d4145-c9ae-4667-925d-c51c8d88ad73/resourcegroups/onesdk9297?api-version=2016-02-01",
      "EncodedRequestUri": "L3N1YnNjcmlwdGlvbnMvZTY4ZDQxNDUtYzlhZS00NjY3LTkyNWQtYzUxYzhkODhhZDczL3Jlc291cmNlZ3JvdXBzL29uZXNkazkyOTc/YXBpLXZlcnNpb249MjAxNi0wMi0wMQ==",
      "RequestMethod": "PUT",
      "RequestBody": "{\r\n  \"location\": \"West US\"\r\n}",
      "RequestHeaders": {
        "Content-Type": [
          "application/json; charset=utf-8"
        ],
        "Content-Length": [
          "29"
        ],
        "User-Agent": [
          "Microsoft.Azure.Management.Resources.ResourceManagementClient/2.0.0.0"
        ]
      },
      "ResponseBody": "{\r\n  \"id\": \"/subscriptions/e68d4145-c9ae-4667-925d-c51c8d88ad73/resourceGroups/onesdk9297\",\r\n  \"name\": \"onesdk9297\",\r\n  \"location\": \"westus\",\r\n  \"properties\": {\r\n    \"provisioningState\": \"Succeeded\"\r\n  }\r\n}",
      "ResponseHeaders": {
        "Content-Length": [
          "173"
        ],
        "Content-Type": [
          "application/json; charset=utf-8"
        ],
        "Expires": [
          "-1"
        ],
        "Pragma": [
          "no-cache"
        ],
        "x-ms-ratelimit-remaining-subscription-writes": [
          "1197"
        ],
        "x-ms-request-id": [
          "97c8183b-c514-4d60-aa1e-c569a1d650f8"
        ],
        "x-ms-correlation-request-id": [
          "97c8183b-c514-4d60-aa1e-c569a1d650f8"
        ],
        "x-ms-routing-request-id": [
          "CENTRALUS:20170519T130059Z:97c8183b-c514-4d60-aa1e-c569a1d650f8"
        ],
        "Strict-Transport-Security": [
          "max-age=31536000; includeSubDomains"
        ],
        "Cache-Control": [
          "no-cache"
        ],
        "Date": [
          "Fri, 19 May 2017 13:00:58 GMT"
        ]
      },
      "StatusCode": 201
    },
    {
      "RequestUri": "/subscriptions/e68d4145-c9ae-4667-925d-c51c8d88ad73/resourceGroups/onesdk9297/providers/Microsoft.Network/trafficmanagerprofiles/onesdk7585?api-version=2017-03-01",
      "EncodedRequestUri": "L3N1YnNjcmlwdGlvbnMvZTY4ZDQxNDUtYzlhZS00NjY3LTkyNWQtYzUxYzhkODhhZDczL3Jlc291cmNlR3JvdXBzL29uZXNkazkyOTcvcHJvdmlkZXJzL01pY3Jvc29mdC5OZXR3b3JrL3RyYWZmaWNtYW5hZ2VycHJvZmlsZXMvb25lc2RrNzU4NT9hcGktdmVyc2lvbj0yMDE3LTAzLTAx",
      "RequestMethod": "GET",
      "RequestBody": "",
      "RequestHeaders": {
        "x-ms-client-request-id": [
          "0a6a3d63-fe8c-4692-81ad-4fbb5b1c09eb"
        ],
        "accept-language": [
          "en-US"
        ],
        "User-Agent": [
          "FxVersion/4.6.1648.0",
          "OSName/Windows10Enterprise",
          "OSVersion/6.3.14393",
          "Microsoft.Azure.Management.TrafficManager.TrafficManagerManagementClient/2.2.0.0"
        ]
      },
      "ResponseBody": "{\r\n  \"error\": {\r\n    \"code\": \"ResourceNotFound\",\r\n    \"message\": \"The Resource 'Microsoft.Network/trafficmanagerprofiles/onesdk7585' under resource group 'onesdk9297' was not found.\"\r\n  }\r\n}",
      "ResponseHeaders": {
        "Content-Length": [
          "165"
        ],
        "Content-Type": [
          "application/json; charset=utf-8"
        ],
        "Expires": [
          "-1"
        ],
        "Pragma": [
          "no-cache"
        ],
        "x-ms-failure-cause": [
          "gateway"
        ],
        "x-ms-request-id": [
          "072e9b60-31d1-407b-9258-409d687047b1"
        ],
        "x-ms-correlation-request-id": [
          "072e9b60-31d1-407b-9258-409d687047b1"
        ],
        "x-ms-routing-request-id": [
          "CENTRALUS:20170519T130059Z:072e9b60-31d1-407b-9258-409d687047b1"
        ],
        "Strict-Transport-Security": [
          "max-age=31536000; includeSubDomains"
        ],
        "Cache-Control": [
          "no-cache"
        ],
        "Date": [
          "Fri, 19 May 2017 13:00:58 GMT"
        ]
      },
      "StatusCode": 404
    },
    {
      "RequestUri": "/subscriptions/e68d4145-c9ae-4667-925d-c51c8d88ad73/resourceGroups/onesdk9297/providers/Microsoft.Network/trafficmanagerprofiles/onesdk7585?api-version=2017-03-01",
      "EncodedRequestUri": "L3N1YnNjcmlwdGlvbnMvZTY4ZDQxNDUtYzlhZS00NjY3LTkyNWQtYzUxYzhkODhhZDczL3Jlc291cmNlR3JvdXBzL29uZXNkazkyOTcvcHJvdmlkZXJzL01pY3Jvc29mdC5OZXR3b3JrL3RyYWZmaWNtYW5hZ2VycHJvZmlsZXMvb25lc2RrNzU4NT9hcGktdmVyc2lvbj0yMDE3LTAzLTAx",
      "RequestMethod": "GET",
      "RequestBody": "",
      "RequestHeaders": {
        "x-ms-client-request-id": [
          "4bb97d85-3c8a-4538-9bf6-e8d56aacc698"
        ],
        "accept-language": [
          "en-US"
        ],
        "User-Agent": [
          "FxVersion/4.6.1648.0",
          "OSName/Windows10Enterprise",
          "OSVersion/6.3.14393",
          "Microsoft.Azure.Management.TrafficManager.TrafficManagerManagementClient/2.2.0.0"
        ]
      },
      "ResponseBody": "{\r\n  \"id\": \"/subscriptions/e68d4145-c9ae-4667-925d-c51c8d88ad73/resourceGroups/onesdk9297/providers/Microsoft.Network/trafficManagerProfiles/onesdk7585\",\r\n  \"name\": \"onesdk7585\",\r\n  \"type\": \"Microsoft.Network/trafficManagerProfiles\",\r\n  \"location\": \"global\",\r\n  \"tags\": {},\r\n  \"properties\": {\r\n    \"profileStatus\": \"Enabled\",\r\n    \"trafficRoutingMethod\": \"Performance\",\r\n    \"dnsConfig\": {\r\n      \"relativeName\": \"onesdk2856\",\r\n      \"fqdn\": \"onesdk2856.tmpreview.watmtest.azure-test.net\",\r\n      \"ttl\": 50\r\n    },\r\n    \"monitorConfig\": {\r\n      \"profileMonitorStatus\": \"Inactive\",\r\n      \"protocol\": \"HTTP\",\r\n      \"port\": 80,\r\n      \"path\": \"/testpath.asp\",\r\n      \"intervalInSeconds\": null,\r\n      \"toleratedNumberOfFailures\": null,\r\n      \"timeoutInSeconds\": null\r\n    },\r\n    \"endpoints\": []\r\n  }\r\n}",
      "ResponseHeaders": {
        "Content-Length": [
          "641"
        ],
        "Content-Type": [
          "application/json; charset=utf-8"
        ],
        "X-Content-Type-Options": [
          "nosniff"
        ],
        "Strict-Transport-Security": [
          "max-age=31536000; includeSubDomains"
        ],
        "x-ms-request-id": [
          "4bb97d85-3c8a-4538-9bf6-e8d56aacc698"
        ],
        "x-ms-ratelimit-remaining-subscription-resource-requests": [
          "10795"
        ],
        "x-ms-correlation-request-id": [
          "c258cd78-eede-4d0f-bd49-fca6302748e9"
        ],
        "x-ms-routing-request-id": [
          "CENTRALUS:20170519T130101Z:c258cd78-eede-4d0f-bd49-fca6302748e9"
        ],
        "Cache-Control": [
          "private"
        ],
        "Date": [
          "Fri, 19 May 2017 13:01:00 GMT"
        ],
        "Server": [
          "Microsoft-IIS/8.5"
        ],
        "X-AspNet-Version": [
          "4.0.30319"
        ],
        "X-Powered-By": [
          "ASP.NET"
        ]
      },
      "StatusCode": 200
    },
    {
      "RequestUri": "/subscriptions/e68d4145-c9ae-4667-925d-c51c8d88ad73/resourceGroups/onesdk9297/providers/Microsoft.Network/trafficmanagerprofiles/onesdk7585?api-version=2017-03-01",
      "EncodedRequestUri": "L3N1YnNjcmlwdGlvbnMvZTY4ZDQxNDUtYzlhZS00NjY3LTkyNWQtYzUxYzhkODhhZDczL3Jlc291cmNlR3JvdXBzL29uZXNkazkyOTcvcHJvdmlkZXJzL01pY3Jvc29mdC5OZXR3b3JrL3RyYWZmaWNtYW5hZ2VycHJvZmlsZXMvb25lc2RrNzU4NT9hcGktdmVyc2lvbj0yMDE3LTAzLTAx",
      "RequestMethod": "PUT",
      "RequestBody": "{\r\n  \"properties\": {\r\n    \"profileStatus\": \"Disabled\",\r\n    \"trafficRoutingMethod\": \"Performance\",\r\n    \"dnsConfig\": {\r\n      \"relativeName\": \"onesdk2856\",\r\n      \"ttl\": 50\r\n    },\r\n    \"monitorConfig\": {\r\n      \"protocol\": \"HTTP\",\r\n      \"port\": 80,\r\n      \"path\": \"/testpath.asp\"\r\n    }\r\n  },\r\n  \"location\": \"global\"\r\n}",
      "RequestHeaders": {
        "Content-Type": [
          "application/json; charset=utf-8"
        ],
        "Content-Length": [
          "321"
        ],
        "x-ms-client-request-id": [
          "0d6daece-86d8-49fd-ac37-5f94b58e7091"
        ],
        "accept-language": [
          "en-US"
        ],
        "User-Agent": [
          "FxVersion/4.6.1648.0",
          "OSName/Windows10Enterprise",
          "OSVersion/6.3.14393",
          "Microsoft.Azure.Management.TrafficManager.TrafficManagerManagementClient/2.2.0.0"
        ]
      },
      "ResponseBody": "{\r\n  \"id\": \"/subscriptions/e68d4145-c9ae-4667-925d-c51c8d88ad73/resourceGroups/onesdk9297/providers/Microsoft.Network/trafficManagerProfiles/onesdk7585\",\r\n  \"name\": \"onesdk7585\",\r\n  \"type\": \"Microsoft.Network/trafficManagerProfiles\",\r\n  \"location\": \"global\",\r\n  \"properties\": {\r\n    \"profileStatus\": \"Disabled\",\r\n    \"trafficRoutingMethod\": \"Performance\",\r\n    \"dnsConfig\": {\r\n      \"relativeName\": \"onesdk2856\",\r\n      \"fqdn\": \"onesdk2856.tmpreview.watmtest.azure-test.net\",\r\n      \"ttl\": 50\r\n    },\r\n    \"monitorConfig\": {\r\n      \"profileMonitorStatus\": \"Disabled\",\r\n      \"protocol\": \"HTTP\",\r\n      \"port\": 80,\r\n      \"path\": \"/testpath.asp\",\r\n      \"intervalInSeconds\": null,\r\n      \"toleratedNumberOfFailures\": null,\r\n      \"timeoutInSeconds\": null\r\n    },\r\n    \"endpoints\": []\r\n  }\r\n}",
      "ResponseHeaders": {
        "Content-Length": [
          "632"
        ],
        "Content-Type": [
          "application/json; charset=utf-8"
        ],
        "X-Content-Type-Options": [
          "nosniff"
        ],
        "Strict-Transport-Security": [
          "max-age=31536000; includeSubDomains"
        ],
        "x-ms-request-id": [
          "0d6daece-86d8-49fd-ac37-5f94b58e7091"
        ],
        "x-ms-ratelimit-remaining-subscription-resource-requests": [
          "10797"
        ],
        "x-ms-correlation-request-id": [
          "34552619-b169-41bf-9d2a-72973d191dea"
        ],
        "x-ms-routing-request-id": [
          "CENTRALUS:20170519T130100Z:34552619-b169-41bf-9d2a-72973d191dea"
        ],
        "Cache-Control": [
          "private"
        ],
        "Date": [
          "Fri, 19 May 2017 13:00:59 GMT"
        ],
        "Server": [
          "Microsoft-IIS/8.5"
        ],
        "X-AspNet-Version": [
          "4.0.30319"
        ],
        "X-Powered-By": [
          "ASP.NET"
        ]
      },
      "StatusCode": 201
    },
    {
      "RequestUri": "/subscriptions/e68d4145-c9ae-4667-925d-c51c8d88ad73/resourceGroups/onesdk9297/providers/Microsoft.Network/trafficmanagerprofiles/onesdk7585?api-version=2017-03-01",
      "EncodedRequestUri": "L3N1YnNjcmlwdGlvbnMvZTY4ZDQxNDUtYzlhZS00NjY3LTkyNWQtYzUxYzhkODhhZDczL3Jlc291cmNlR3JvdXBzL29uZXNkazkyOTcvcHJvdmlkZXJzL01pY3Jvc29mdC5OZXR3b3JrL3RyYWZmaWNtYW5hZ2VycHJvZmlsZXMvb25lc2RrNzU4NT9hcGktdmVyc2lvbj0yMDE3LTAzLTAx",
      "RequestMethod": "PATCH",
      "RequestBody": "{\r\n  \"properties\": {\r\n    \"profileStatus\": \"Enabled\"\r\n  },\r\n  \"location\": \"global\"\r\n}",
      "RequestHeaders": {
        "Content-Type": [
          "application/json; charset=utf-8"
        ],
        "Content-Length": [
          "85"
        ],
        "x-ms-client-request-id": [
          "5adec2a0-d274-4e4f-99eb-f29432e313c8"
        ],
        "accept-language": [
          "en-US"
        ],
        "User-Agent": [
          "FxVersion/4.6.1648.0",
          "OSName/Windows10Enterprise",
          "OSVersion/6.3.14393",
          "Microsoft.Azure.Management.TrafficManager.TrafficManagerManagementClient/2.2.0.0"
        ]
      },
      "ResponseBody": "{\r\n  \"id\": \"/subscriptions/e68d4145-c9ae-4667-925d-c51c8d88ad73/resourceGroups/onesdk9297/providers/Microsoft.Network/trafficManagerProfiles/onesdk7585\",\r\n  \"name\": \"onesdk7585\",\r\n  \"type\": \"Microsoft.Network/trafficManagerProfiles\",\r\n  \"location\": \"global\",\r\n  \"tags\": {},\r\n  \"properties\": {\r\n    \"profileStatus\": \"Enabled\",\r\n    \"trafficRoutingMethod\": \"Performance\",\r\n    \"dnsConfig\": {\r\n      \"relativeName\": \"onesdk2856\",\r\n      \"fqdn\": \"onesdk2856.tmpreview.watmtest.azure-test.net\",\r\n      \"ttl\": 50\r\n    },\r\n    \"monitorConfig\": {\r\n      \"profileMonitorStatus\": \"Inactive\",\r\n      \"protocol\": \"HTTP\",\r\n      \"port\": 80,\r\n      \"path\": \"/testpath.asp\",\r\n      \"intervalInSeconds\": null,\r\n      \"toleratedNumberOfFailures\": null,\r\n      \"timeoutInSeconds\": null\r\n    },\r\n    \"endpoints\": []\r\n  }\r\n}",
      "ResponseHeaders": {
        "Content-Length": [
          "641"
        ],
        "Content-Type": [
          "application/json; charset=utf-8"
        ],
        "X-Content-Type-Options": [
          "nosniff"
        ],
        "Strict-Transport-Security": [
          "max-age=31536000; includeSubDomains"
        ],
        "x-ms-request-id": [
          "5adec2a0-d274-4e4f-99eb-f29432e313c8"
        ],
        "x-ms-ratelimit-remaining-subscription-resource-requests": [
          "10796"
        ],
        "x-ms-correlation-request-id": [
          "5e4644e9-79f5-4678-a262-080cccae9929"
        ],
        "x-ms-routing-request-id": [
          "CENTRALUS:20170519T130100Z:5e4644e9-79f5-4678-a262-080cccae9929"
        ],
        "Cache-Control": [
          "private"
        ],
        "Date": [
          "Fri, 19 May 2017 13:00:59 GMT"
        ],
        "Server": [
          "Microsoft-IIS/8.5"
        ],
        "X-AspNet-Version": [
          "4.0.30319"
        ],
        "X-Powered-By": [
          "ASP.NET"
        ]
      },
      "StatusCode": 200
    }
  ],
  "Names": {
    "Test-ProfileEnable": [
      "onesdk7585",
      "onesdk2856",
      "onesdk9297"
    ]
  },
  "Variables": {
    "SubscriptionId": "e68d4145-c9ae-4667-925d-c51c8d88ad73"
  }
}