{
  "Entries": [
    {
      "RequestUri": "/subscriptions/e68d4145-c9ae-4667-925d-c51c8d88ad73/resourcegroups/onesdk8814?api-version=2016-02-01",
      "EncodedRequestUri": "L3N1YnNjcmlwdGlvbnMvZTY4ZDQxNDUtYzlhZS00NjY3LTkyNWQtYzUxYzhkODhhZDczL3Jlc291cmNlZ3JvdXBzL29uZXNkazg4MTQ/YXBpLXZlcnNpb249MjAxNi0wMi0wMQ==",
      "RequestMethod": "PUT",
      "RequestBody": "{\r\n  \"location\": \"West US\"\r\n}",
      "RequestHeaders": {
        "Content-Type": [
          "application/json; charset=utf-8"
        ],
        "Content-Length": [
          "29"
        ],
        "User-Agent": [
          "Microsoft.Azure.Management.Resources.ResourceManagementClient/2.0.0.0"
        ]
      },
      "ResponseBody": "{\r\n  \"id\": \"/subscriptions/e68d4145-c9ae-4667-925d-c51c8d88ad73/resourceGroups/onesdk8814\",\r\n  \"name\": \"onesdk8814\",\r\n  \"location\": \"westus\",\r\n  \"properties\": {\r\n    \"provisioningState\": \"Succeeded\"\r\n  }\r\n}",
      "ResponseHeaders": {
        "Content-Length": [
          "173"
        ],
        "Content-Type": [
          "application/json; charset=utf-8"
        ],
        "Expires": [
          "-1"
        ],
        "Pragma": [
          "no-cache"
        ],
        "x-ms-ratelimit-remaining-subscription-writes": [
          "1197"
        ],
        "x-ms-request-id": [
          "35c416f5-24a2-43fa-bc06-989f69b71bcb"
        ],
        "x-ms-correlation-request-id": [
          "35c416f5-24a2-43fa-bc06-989f69b71bcb"
        ],
        "x-ms-routing-request-id": [
          "WESTEUROPE:20170522T111146Z:35c416f5-24a2-43fa-bc06-989f69b71bcb"
        ],
        "Strict-Transport-Security": [
          "max-age=31536000; includeSubDomains"
        ],
        "Cache-Control": [
          "no-cache"
        ],
        "Date": [
          "Mon, 22 May 2017 11:11:46 GMT"
        ]
      },
      "StatusCode": 201
    },
    {
      "RequestUri": "/subscriptions/e68d4145-c9ae-4667-925d-c51c8d88ad73/resourceGroups/onesdk8814/providers/Microsoft.Network/trafficmanagerprofiles/onesdk3885?api-version=2017-05-01",
      "EncodedRequestUri": "L3N1YnNjcmlwdGlvbnMvZTY4ZDQxNDUtYzlhZS00NjY3LTkyNWQtYzUxYzhkODhhZDczL3Jlc291cmNlR3JvdXBzL29uZXNkazg4MTQvcHJvdmlkZXJzL01pY3Jvc29mdC5OZXR3b3JrL3RyYWZmaWNtYW5hZ2VycHJvZmlsZXMvb25lc2RrMzg4NT9hcGktdmVyc2lvbj0yMDE3LTA1LTAx",
      "RequestMethod": "GET",
      "RequestBody": "",
      "RequestHeaders": {
        "x-ms-client-request-id": [
          "dcf82644-d047-452d-a560-9f9cc0d9899b"
        ],
        "accept-language": [
          "en-US"
        ],
        "User-Agent": [
          "FxVersion/4.6.1648.0",
          "OSName/Windows10Enterprise",
          "OSVersion/6.3.14393",
          "Microsoft.Azure.Management.TrafficManager.TrafficManagerManagementClient/2.3.0.0"
        ]
      },
      "ResponseBody": "{\r\n  \"error\": {\r\n    \"code\": \"ResourceNotFound\",\r\n    \"message\": \"The Resource 'Microsoft.Network/trafficmanagerprofiles/onesdk3885' under resource group 'onesdk8814' was not found.\"\r\n  }\r\n}",
      "ResponseHeaders": {
        "Content-Length": [
          "165"
        ],
        "Content-Type": [
          "application/json; charset=utf-8"
        ],
        "Expires": [
          "-1"
        ],
        "Pragma": [
          "no-cache"
        ],
        "x-ms-failure-cause": [
          "gateway"
        ],
        "x-ms-request-id": [
          "14d6f57c-c7cc-476c-b840-6580d59c545c"
        ],
        "x-ms-correlation-request-id": [
          "14d6f57c-c7cc-476c-b840-6580d59c545c"
        ],
        "x-ms-routing-request-id": [
          "WESTEUROPE:20170522T111147Z:14d6f57c-c7cc-476c-b840-6580d59c545c"
        ],
        "Strict-Transport-Security": [
          "max-age=31536000; includeSubDomains"
        ],
        "Cache-Control": [
          "no-cache"
        ],
        "Date": [
          "Mon, 22 May 2017 11:11:46 GMT"
        ]
      },
      "StatusCode": 404
    },
    {
      "RequestUri": "/subscriptions/e68d4145-c9ae-4667-925d-c51c8d88ad73/resourceGroups/onesdk8814/providers/Microsoft.Network/trafficmanagerprofiles/onesdk3885?api-version=2017-05-01",
      "EncodedRequestUri": "L3N1YnNjcmlwdGlvbnMvZTY4ZDQxNDUtYzlhZS00NjY3LTkyNWQtYzUxYzhkODhhZDczL3Jlc291cmNlR3JvdXBzL29uZXNkazg4MTQvcHJvdmlkZXJzL01pY3Jvc29mdC5OZXR3b3JrL3RyYWZmaWNtYW5hZ2VycHJvZmlsZXMvb25lc2RrMzg4NT9hcGktdmVyc2lvbj0yMDE3LTA1LTAx",
      "RequestMethod": "GET",
      "RequestBody": "",
      "RequestHeaders": {
        "x-ms-client-request-id": [
          "ad58c90b-f9c7-476b-bec0-02c4704b1770"
        ],
        "accept-language": [
          "en-US"
        ],
        "User-Agent": [
          "FxVersion/4.6.1648.0",
          "OSName/Windows10Enterprise",
          "OSVersion/6.3.14393",
          "Microsoft.Azure.Management.TrafficManager.TrafficManagerManagementClient/2.3.0.0"
        ]
      },
      "ResponseBody": "{\r\n  \"id\": \"/subscriptions/e68d4145-c9ae-4667-925d-c51c8d88ad73/resourceGroups/onesdk8814/providers/Microsoft.Network/trafficManagerProfiles/onesdk3885\",\r\n  \"name\": \"onesdk3885\",\r\n  \"type\": \"Microsoft.Network/trafficManagerProfiles\",\r\n  \"location\": \"global\",\r\n  \"tags\": {},\r\n  \"properties\": {\r\n    \"profileStatus\": \"Enabled\",\r\n    \"trafficRoutingMethod\": \"Weighted\",\r\n    \"dnsConfig\": {\r\n      \"relativeName\": \"onesdk548\",\r\n      \"fqdn\": \"onesdk548.tmpreview.watmtest.azure-test.net\",\r\n      \"ttl\": 30\r\n    },\r\n    \"monitorConfig\": {\r\n      \"profileMonitorStatus\": \"Inactive\",\r\n      \"protocol\": \"HTTP\",\r\n      \"port\": 80,\r\n      \"path\": \"/testpath.asp\",\r\n      \"intervalInSeconds\": 30,\r\n      \"toleratedNumberOfFailures\": 3,\r\n      \"timeoutInSeconds\": 10\r\n    },\r\n    \"endpoints\": []\r\n  }\r\n}",
      "ResponseHeaders": {
        "Content-Length": [
          "629"
        ],
        "Content-Type": [
          "application/json; charset=utf-8"
        ],
        "X-Content-Type-Options": [
          "nosniff"
        ],
        "Strict-Transport-Security": [
          "max-age=31536000; includeSubDomains"
        ],
        "x-ms-request-id": [
          "ad58c90b-f9c7-476b-bec0-02c4704b1770"
        ],
        "x-ms-ratelimit-remaining-subscription-resource-requests": [
          "10798"
        ],
        "x-ms-correlation-request-id": [
          "33a9a292-6d48-4533-85dc-21e3f708c3da"
        ],
        "x-ms-routing-request-id": [
          "WESTEUROPE:20170522T111149Z:33a9a292-6d48-4533-85dc-21e3f708c3da"
        ],
        "Cache-Control": [
          "private"
        ],
        "Date": [
          "Mon, 22 May 2017 11:11:48 GMT"
        ],
        "Server": [
          "Microsoft-IIS/8.5"
        ],
        "X-AspNet-Version": [
          "4.0.30319"
        ],
        "X-Powered-By": [
          "ASP.NET"
        ]
      },
      "StatusCode": 200
    },
    {
      "RequestUri": "/subscriptions/e68d4145-c9ae-4667-925d-c51c8d88ad73/resourceGroups/onesdk8814/providers/Microsoft.Network/trafficmanagerprofiles/onesdk3885?api-version=2017-05-01",
      "EncodedRequestUri": "L3N1YnNjcmlwdGlvbnMvZTY4ZDQxNDUtYzlhZS00NjY3LTkyNWQtYzUxYzhkODhhZDczL3Jlc291cmNlR3JvdXBzL29uZXNkazg4MTQvcHJvdmlkZXJzL01pY3Jvc29mdC5OZXR3b3JrL3RyYWZmaWNtYW5hZ2VycHJvZmlsZXMvb25lc2RrMzg4NT9hcGktdmVyc2lvbj0yMDE3LTA1LTAx",
      "RequestMethod": "PUT",
      "RequestBody": "{\r\n  \"properties\": {\r\n    \"trafficRoutingMethod\": \"Weighted\",\r\n    \"dnsConfig\": {\r\n      \"relativeName\": \"onesdk548\",\r\n      \"ttl\": 30\r\n    },\r\n    \"monitorConfig\": {\r\n      \"protocol\": \"HTTP\",\r\n      \"port\": 80,\r\n      \"path\": \"/testpath.asp\"\r\n    }\r\n  },\r\n  \"location\": \"global\"\r\n}",
      "RequestHeaders": {
        "Content-Type": [
          "application/json; charset=utf-8"
        ],
        "Content-Length": [
          "283"
        ],
        "x-ms-client-request-id": [
          "f0e3af50-ad45-47c7-9067-cf617b3f54be"
        ],
        "accept-language": [
          "en-US"
        ],
        "User-Agent": [
          "FxVersion/4.6.1648.0",
          "OSName/Windows10Enterprise",
          "OSVersion/6.3.14393",
          "Microsoft.Azure.Management.TrafficManager.TrafficManagerManagementClient/2.3.0.0"
        ]
      },
      "ResponseBody": "{\r\n  \"id\": \"/subscriptions/e68d4145-c9ae-4667-925d-c51c8d88ad73/resourceGroups/onesdk8814/providers/Microsoft.Network/trafficManagerProfiles/onesdk3885\",\r\n  \"name\": \"onesdk3885\",\r\n  \"type\": \"Microsoft.Network/trafficManagerProfiles\",\r\n  \"location\": \"global\",\r\n  \"properties\": {\r\n    \"profileStatus\": \"Enabled\",\r\n    \"trafficRoutingMethod\": \"Weighted\",\r\n    \"dnsConfig\": {\r\n      \"relativeName\": \"onesdk548\",\r\n      \"fqdn\": \"onesdk548.tmpreview.watmtest.azure-test.net\",\r\n      \"ttl\": 30\r\n    },\r\n    \"monitorConfig\": {\r\n      \"profileMonitorStatus\": \"Inactive\",\r\n      \"protocol\": \"HTTP\",\r\n      \"port\": 80,\r\n      \"path\": \"/testpath.asp\",\r\n      \"intervalInSeconds\": 30,\r\n      \"toleratedNumberOfFailures\": 3,\r\n      \"timeoutInSeconds\": 10\r\n    },\r\n    \"endpoints\": []\r\n  }\r\n}",
      "ResponseHeaders": {
        "Content-Length": [
          "619"
        ],
        "Content-Type": [
          "application/json; charset=utf-8"
        ],
        "X-Content-Type-Options": [
          "nosniff"
        ],
        "Strict-Transport-Security": [
          "max-age=31536000; includeSubDomains"
        ],
        "x-ms-request-id": [
          "f0e3af50-ad45-47c7-9067-cf617b3f54be"
        ],
        "x-ms-ratelimit-remaining-subscription-resource-requests": [
          "10799"
        ],
        "x-ms-correlation-request-id": [
          "73d53061-6e68-4e6b-b2b1-cebead8f5ba0"
        ],
        "x-ms-routing-request-id": [
          "WESTEUROPE:20170522T111149Z:73d53061-6e68-4e6b-b2b1-cebead8f5ba0"
        ],
        "Cache-Control": [
          "private"
        ],
        "Date": [
          "Mon, 22 May 2017 11:11:48 GMT"
        ],
        "Server": [
          "Microsoft-IIS/8.5"
        ],
        "X-AspNet-Version": [
          "4.0.30319"
        ],
        "X-Powered-By": [
          "ASP.NET"
        ]
      },
      "StatusCode": 201
    },
    {
      "RequestUri": "/subscriptions/e68d4145-c9ae-4667-925d-c51c8d88ad73/resourceGroups/onesdk8814/providers/Microsoft.Network/trafficmanagerprofiles/onesdk3885?api-version=2017-05-01",
      "EncodedRequestUri": "L3N1YnNjcmlwdGlvbnMvZTY4ZDQxNDUtYzlhZS00NjY3LTkyNWQtYzUxYzhkODhhZDczL3Jlc291cmNlR3JvdXBzL29uZXNkazg4MTQvcHJvdmlkZXJzL01pY3Jvc29mdC5OZXR3b3JrL3RyYWZmaWNtYW5hZ2VycHJvZmlsZXMvb25lc2RrMzg4NT9hcGktdmVyc2lvbj0yMDE3LTA1LTAx",
      "RequestMethod": "DELETE",
      "RequestBody": "",
      "RequestHeaders": {
        "x-ms-client-request-id": [
          "a0121042-3a5b-4553-aada-df72f703a35a"
        ],
        "accept-language": [
          "en-US"
        ],
        "User-Agent": [
          "FxVersion/4.6.1648.0",
          "OSName/Windows10Enterprise",
          "OSVersion/6.3.14393",
          "Microsoft.Azure.Management.TrafficManager.TrafficManagerManagementClient/2.3.0.0"
        ]
      },
      "ResponseBody": "",
      "ResponseHeaders": {
        "Content-Length": [
          "0"
        ],
        "X-Content-Type-Options": [
          "nosniff"
        ],
        "Strict-Transport-Security": [
          "max-age=31536000; includeSubDomains"
        ],
        "x-ms-request-id": [
          "a0121042-3a5b-4553-aada-df72f703a35a"
        ],
        "x-ms-ratelimit-remaining-subscription-resource-requests": [
          "10799"
        ],
        "x-ms-correlation-request-id": [
          "9875642f-3543-4452-9406-67b6c341c2a8"
        ],
        "x-ms-routing-request-id": [
          "WESTEUROPE:20170522T111151Z:9875642f-3543-4452-9406-67b6c341c2a8"
        ],
        "Cache-Control": [
          "private"
        ],
        "Date": [
          "Mon, 22 May 2017 11:11:50 GMT"
        ],
        "Server": [
          "Microsoft-IIS/8.5"
        ],
        "X-AspNet-Version": [
          "4.0.30319"
        ],
        "X-Powered-By": [
          "ASP.NET"
        ]
      },
      "StatusCode": 200
    }
  ],
  "Names": {
    "Test-ProfileMonitorDefaults": [
      "onesdk3885",
      "onesdk8814",
      "onesdk548"
    ]
  },
  "Variables": {
    "SubscriptionId": "e68d4145-c9ae-4667-925d-c51c8d88ad73"
  }
}